01-01-2009 12:00:01 GMT	Example	userone	192.168.0.4		192.168.0.4					UNKNOWN							/Document	/View	/	/Success	/Normal		Example::/Success			  		 								.		 		12/31/2099																													Example
