<?xml version="1.1" encoding="UTF-8"?><referenceData xmlns="reference-data:2" xmlns:evt="event-logging:3" xmlns:stroom="stroom" xmlns:xsi="http://www.w3.org/2001/XMLSchema-instance" xsi:schemaLocation="reference-data:2 file://reference-data-v2.0.xsd event-logging:3 file://event-logging-v3.0.0.xsd" version="2.0.1"><reference><map>IPToLocation</map><key>3232235777</key><value>Zone1</value></reference><reference><map>IPToLocation</map><key>3232236805</key><value>Zone2</value></reference><reference><map>IPToLocation</map><range><from>3232238337</from><to>3232239361</to></range><value>Zone3</value></reference><reference><map>IPToLocation</map><range><from>3232240641</from><to>3232241921</to></range><value>Zone4</value></reference><reference><map>IPToLocation</map><range><from>3232243201</from><to>3232244481</to></range><value>Zone5</value></reference></referenceData>