<?xml version="1.1" encoding="UTF-8"?><referenceData xmlns="reference-data:2" xmlns:evt="event-logging:3" xmlns:xsi="http://www.w3.org/2001/XMLSchema-instance" xsi:schemaLocation="reference-data:2 file://reference-data-v2.0.1.xsd event-logging:3 file://event-logging-v3.0.0.xsd" version="2.0.1"><reference><map>USER_ID_TO_STAFF_NO_MAP</map><key>user1</key><value>staff1</value></reference><reference><map>USER_ID_TO_STAFF_NO_MAP</map><key>user2</key><value>staff2</value></reference><reference><map>USER_ID_TO_STAFF_NO_MAP</map><key>user3</key><value>staff3</value></reference><reference><map>USER_ID_TO_STAFF_NO_MAP</map><key>user4</key><value>staff4</value></reference><reference><map>USER_ID_TO_STAFF_NO_MAP</map><key>user5</key><value>staff5</value></reference><reference><map>USER_ID_TO_STAFF_NO_MAP</map><key>user6</key><value>staff6</value></reference><reference><map>USER_ID_TO_STAFF_NO_MAP</map><key>user7</key><value>staff7</value></reference><reference><map>USER_ID_TO_STAFF_NO_MAP</map><key>user8</key><value>staff8</value></reference><reference><map>USER_ID_TO_STAFF_NO_MAP</map><key>user9</key><value>staff9</value></reference><reference><map>USER_ID_TO_STAFF_NO_MAP</map><key>user10</key><value>staff10</value></reference><reference><map>USER_ID_TO_STAFF_NO_MAP</map><key>user11</key><value>staff11</value></reference><reference><map>USER_ID_TO_STAFF_NO_MAP</map><key>user12</key><value>staff12</value></reference><reference><map>USER_ID_TO_STAFF_NO_MAP</map><key>user13</key><value>staff13</value></reference><reference><map>USER_ID_TO_STAFF_NO_MAP</map><key>user14</key><value>staff14</value></reference><reference><map>USER_ID_TO_STAFF_NO_MAP</map><key>user15</key><value>staff15</value></reference><reference><map>USER_ID_TO_STAFF_NO_MAP</map><key>user16</key><value>staff16</value></reference><reference><map>USER_ID_TO_STAFF_NO_MAP</map><key>user17</key><value>staff17</value></reference><reference><map>USER_ID_TO_STAFF_NO_MAP</map><key>user18</key><value>staff18</value></reference><reference><map>USER_ID_TO_STAFF_NO_MAP</map><key>user19</key><value>staff19</value></reference><reference><map>USER_ID_TO_STAFF_NO_MAP</map><key>user20</key><value>staff20</value></reference><reference><map>USER_ID_TO_STAFF_NO_MAP</map><key>user21</key><value>staff21</value></reference><reference><map>USER_ID_TO_STAFF_NO_MAP</map><key>user22</key><value>staff22</value></reference><reference><map>USER_ID_TO_STAFF_NO_MAP</map><key>user23</key><value>staff23</value></reference><reference><map>USER_ID_TO_STAFF_NO_MAP</map><key>user24</key><value>staff24</value></reference><reference><map>USER_ID_TO_STAFF_NO_MAP</map><key>user25</key><value>staff25</value></reference><reference><map>USER_ID_TO_STAFF_NO_MAP</map><key>user26</key><value>staff26</value></reference><reference><map>USER_ID_TO_STAFF_NO_MAP</map><key>user27</key><value>staff27</value></reference><reference><map>USER_ID_TO_STAFF_NO_MAP</map><key>user28</key><value>staff28</value></reference><reference><map>USER_ID_TO_STAFF_NO_MAP</map><key>user29</key><value>staff29</value></reference><reference><map>USER_ID_TO_STAFF_NO_MAP</map><key>user30</key><value>staff30</value></reference><reference><map>USER_ID_TO_STAFF_NO_MAP</map><key>user31</key><value>staff31</value></reference><reference><map>USER_ID_TO_STAFF_NO_MAP</map><key>user32</key><value>staff32</value></reference><reference><map>USER_ID_TO_STAFF_NO_MAP</map><key>user33</key><value>staff33</value></reference><reference><map>USER_ID_TO_STAFF_NO_MAP</map><key>user34</key><value>staff34</value></reference><reference><map>USER_ID_TO_STAFF_NO_MAP</map><key>user35</key><value>staff35</value></reference><reference><map>USER_ID_TO_STAFF_NO_MAP</map><key>user36</key><value>staff36</value></reference><reference><map>USER_ID_TO_STAFF_NO_MAP</map><key>user37</key><value>staff37</value></reference><reference><map>USER_ID_TO_STAFF_NO_MAP</map><key>user38</key><value>staff38</value></reference><reference><map>USER_ID_TO_STAFF_NO_MAP</map><key>user39</key><value>staff39</value></reference><reference><map>USER_ID_TO_STAFF_NO_MAP</map><key>user40</key><value>staff40</value></reference><reference><map>USER_ID_TO_STAFF_NO_MAP</map><key>user41</key><value>staff41</value></reference><reference><map>USER_ID_TO_STAFF_NO_MAP</map><key>user42</key><value>staff42</value></reference><reference><map>USER_ID_TO_STAFF_NO_MAP</map><key>user43</key><value>staff43</value></reference><reference><map>USER_ID_TO_STAFF_NO_MAP</map><key>user44</key><value>staff44</value></reference><reference><map>USER_ID_TO_STAFF_NO_MAP</map><key>user45</key><value>staff45</value></reference><reference><map>USER_ID_TO_STAFF_NO_MAP</map><key>user46</key><value>staff46</value></reference><reference><map>USER_ID_TO_STAFF_NO_MAP</map><key>user47</key><value>staff47</value></reference><reference><map>USER_ID_TO_STAFF_NO_MAP</map><key>user48</key><value>staff48</value></reference><reference><map>USER_ID_TO_STAFF_NO_MAP</map><key>user49</key><value>staff49</value></reference><reference><map>USER_ID_TO_STAFF_NO_MAP</map><key>user50</key><value>staff50</value></reference><reference><map>USER_ID_TO_STAFF_NO_MAP</map><key>user51</key><value>staff51</value></reference><reference><map>USER_ID_TO_STAFF_NO_MAP</map><key>user52</key><value>staff52</value></reference><reference><map>USER_ID_TO_STAFF_NO_MAP</map><key>user53</key><value>staff53</value></reference><reference><map>USER_ID_TO_STAFF_NO_MAP</map><key>user54</key><value>staff54</value></reference><reference><map>USER_ID_TO_STAFF_NO_MAP</map><key>user55</key><value>staff55</value></reference><reference><map>USER_ID_TO_STAFF_NO_MAP</map><key>user56</key><value>staff56</value></reference><reference><map>USER_ID_TO_STAFF_NO_MAP</map><key>user57</key><value>staff57</value></reference><reference><map>USER_ID_TO_STAFF_NO_MAP</map><key>user58</key><value>staff58</value></reference><reference><map>USER_ID_TO_STAFF_NO_MAP</map><key>user59</key><value>staff59</value></reference><reference><map>USER_ID_TO_STAFF_NO_MAP</map><key>user60</key><value>staff60</value></reference><reference><map>USER_ID_TO_STAFF_NO_MAP</map><key>user61</key><value>staff61</value></reference><reference><map>USER_ID_TO_STAFF_NO_MAP</map><key>user62</key><value>staff62</value></reference><reference><map>USER_ID_TO_STAFF_NO_MAP</map><key>user63</key><value>staff63</value></reference><reference><map>USER_ID_TO_STAFF_NO_MAP</map><key>user64</key><value>staff64</value></reference><reference><map>USER_ID_TO_STAFF_NO_MAP</map><key>user65</key><value>staff65</value></reference><reference><map>USER_ID_TO_STAFF_NO_MAP</map><key>user66</key><value>staff66</value></reference><reference><map>USER_ID_TO_STAFF_NO_MAP</map><key>user67</key><value>staff67</value></reference><reference><map>USER_ID_TO_STAFF_NO_MAP</map><key>user68</key><value>staff68</value></reference><reference><map>USER_ID_TO_STAFF_NO_MAP</map><key>user69</key><value>staff69</value></reference><reference><map>USER_ID_TO_STAFF_NO_MAP</map><key>user70</key><value>staff70</value></reference><reference><map>USER_ID_TO_STAFF_NO_MAP</map><key>user71</key><value>staff71</value></reference><reference><map>USER_ID_TO_STAFF_NO_MAP</map><key>user72</key><value>staff72</value></reference><reference><map>USER_ID_TO_STAFF_NO_MAP</map><key>user73</key><value>staff73</value></reference><reference><map>USER_ID_TO_STAFF_NO_MAP</map><key>user74</key><value>staff74</value></reference><reference><map>USER_ID_TO_STAFF_NO_MAP</map><key>user75</key><value>staff75</value></reference><reference><map>USER_ID_TO_STAFF_NO_MAP</map><key>user76</key><value>staff76</value></reference><reference><map>USER_ID_TO_STAFF_NO_MAP</map><key>user77</key><value>staff77</value></reference><reference><map>USER_ID_TO_STAFF_NO_MAP</map><key>user78</key><value>staff78</value></reference><reference><map>USER_ID_TO_STAFF_NO_MAP</map><key>user79</key><value>staff79</value></reference><reference><map>USER_ID_TO_STAFF_NO_MAP</map><key>user80</key><value>staff80</value></reference><reference><map>USER_ID_TO_STAFF_NO_MAP</map><key>user81</key><value>staff81</value></reference><reference><map>USER_ID_TO_STAFF_NO_MAP</map><key>user82</key><value>staff82</value></reference><reference><map>USER_ID_TO_STAFF_NO_MAP</map><key>user83</key><value>staff83</value></reference><reference><map>USER_ID_TO_STAFF_NO_MAP</map><key>user84</key><value>staff84</value></reference><reference><map>USER_ID_TO_STAFF_NO_MAP</map><key>user85</key><value>staff85</value></reference><reference><map>USER_ID_TO_STAFF_NO_MAP</map><key>user86</key><value>staff86</value></reference><reference><map>USER_ID_TO_STAFF_NO_MAP</map><key>user87</key><value>staff87</value></reference><reference><map>USER_ID_TO_STAFF_NO_MAP</map><key>user88</key><value>staff88</value></reference><reference><map>USER_ID_TO_STAFF_NO_MAP</map><key>user89</key><value>staff89</value></reference><reference><map>USER_ID_TO_STAFF_NO_MAP</map><key>user90</key><value>staff90</value></reference><reference><map>USER_ID_TO_STAFF_NO_MAP</map><key>user91</key><value>staff91</value></reference><reference><map>USER_ID_TO_STAFF_NO_MAP</map><key>user92</key><value>staff92</value></reference><reference><map>USER_ID_TO_STAFF_NO_MAP</map><key>user93</key><value>staff93</value></reference><reference><map>USER_ID_TO_STAFF_NO_MAP</map><key>user94</key><value>staff94</value></reference><reference><map>USER_ID_TO_STAFF_NO_MAP</map><key>user95</key><value>staff95</value></reference><reference><map>USER_ID_TO_STAFF_NO_MAP</map><key>user96</key><value>staff96</value></reference><reference><map>USER_ID_TO_STAFF_NO_MAP</map><key>user97</key><value>staff97</value></reference><reference><map>USER_ID_TO_STAFF_NO_MAP</map><key>user98</key><value>staff98</value></reference><reference><map>USER_ID_TO_STAFF_NO_MAP</map><key>user99</key><value>staff99</value></reference><reference><map>USER_ID_TO_STAFF_NO_MAP</map><key>user100</key><value>staff100</value></reference></referenceData>