
<record><data name="Date" value="01/01/2010"/><data name="Time" value="00:00:00"/><data name="FileNo" value="1"/><data name="LineNo" value="1"/><data name="User" value="user1"/><data name="Message" value="Some message 1"/></record>

<record><data name="Date" value="01/01/2010"/><data name="Time" value="00:01:00"/><data name="FileNo" value="1"/><data name="LineNo" value="2"/><data name="User" value="user2"/><data name="Message" value="Some message 2"/></record>

<record><data name="Date" value="01/01/2010"/><data name="Time" value="00:02:00"/><data name="FileNo" value="1"/><data name="LineNo" value="3"/><data name="User" value="user3"/><data name="Message" value="Some message 3"/></record>

<record><data name="Date" value="01/01/2010"/><data name="Time" value="00:03:00"/><data name="FileNo" value="1"/><data name="LineNo" value="4"/><data name="User" value="user4"/><data name="Message" value="Some message 4"/></record>

<record><data name="Date" value="01/01/2010"/><data name="Time" value="00:04:00"/><data name="FileNo" value="1"/><data name="LineNo" value="5"/><data name="User" value="user5"/><data name="Message" value="Some message 5"/></record>

<record><data name="Date" value="01/01/2010"/><data name="Time" value="00:05:00"/><data name="FileNo" value="1"/><data name="LineNo" value="6"/><data name="User" value="user6"/><data name="Message" value="Some message 6"/></record>

<record><data name="Date" value="01/01/2010"/><data name="Time" value="00:06:00"/><data name="FileNo" value="1"/><data name="LineNo" value="7"/><data name="User" value="user7"/><data name="Message" value="Some message 7"/></record>

<record><data name="Date" value="01/01/2010"/><data name="Time" value="00:07:00"/><data name="FileNo" value="1"/><data name="LineNo" value="8"/><data name="User" value="user8"/><data name="Message" value="Some message 8"/></record>

<record><data name="Date" value="01/01/2010"/><data name="Time" value="00:08:00"/><data name="FileNo" value="1"/><data name="LineNo" value="9"/><data name="User" value="user9"/><data name="Message" value="Some message 9"/></record>

<record><data name="Date" value="01/01/2010"/><data name="Time" value="00:09:00"/><data name="FileNo" value="1"/><data name="LineNo" value="10"/><data name="User" value="user10"/><data name="Message" value="Some message 10"/></record>


<record><data name="Date" value="01/01/2010"/><data name="Time" value="00:00:00"/><data name="FileNo" value="2"/><data name="LineNo" value="1"/><data name="User" value="user1"/><data name="Message" value="Some message 1"/></record>

<record><data name="Date" value="01/01/2010"/><data name="Time" value="00:01:00"/><data name="FileNo" value="2"/><data name="LineNo" value="2"/><data name="User" value="user2"/><data name="Message" value="Some message 2"/></record>

<record><data name="Date" value="01/01/2010"/><data name="Time" value="00:02:00"/><data name="FileNo" value="2"/><data name="LineNo" value="3"/><data name="User" value="user3"/><data name="Message" value="Some message 3"/></record>

<record><data name="Date" value="01/01/2010"/><data name="Time" value="00:03:00"/><data name="FileNo" value="2"/><data name="LineNo" value="4"/><data name="User" value="user4"/><data name="Message" value="Some message 4"/></record>

<record><data name="Date" value="01/01/2010"/><data name="Time" value="00:04:00"/><data name="FileNo" value="2"/><data name="LineNo" value="5"/><data name="User" value="user5"/><data name="Message" value="Some message 5"/></record>

<record><data name="Date" value="01/01/2010"/><data name="Time" value="00:05:00"/><data name="FileNo" value="2"/><data name="LineNo" value="6"/><data name="User" value="user6"/><data name="Message" value="Some message 6"/></record>

<record><data name="Date" value="01/01/2010"/><data name="Time" value="00:06:00"/><data name="FileNo" value="2"/><data name="LineNo" value="7"/><data name="User" value="user7"/><data name="Message" value="Some message 7"/></record>

<record><data name="Date" value="01/01/2010"/><data name="Time" value="00:07:00"/><data name="FileNo" value="2"/><data name="LineNo" value="8"/><data name="User" value="user8"/><data name="Message" value="Some message 8"/></record>

<record><data name="Date" value="01/01/2010"/><data name="Time" value="00:08:00"/><data name="FileNo" value="2"/><data name="LineNo" value="9"/><data name="User" value="user9"/><data name="Message" value="Some message 9"/></record>

<record><data name="Date" value="01/01/2010"/><data name="Time" value="00:09:00"/><data name="FileNo" value="2"/><data name="LineNo" value="10"/><data name="User" value="user10"/><data name="Message" value="Some message 10"/></record>


<record><data name="Date" value="01/01/2010"/><data name="Time" value="00:00:00"/><data name="FileNo" value="3"/><data name="LineNo" value="1"/><data name="User" value="user1"/><data name="Message" value="Some message 1"/></record>

<record><data name="Date" value="01/01/2010"/><data name="Time" value="00:01:00"/><data name="FileNo" value="3"/><data name="LineNo" value="2"/><data name="User" value="user2"/><data name="Message" value="Some message 2"/></record>

<record><data name="Date" value="01/01/2010"/><data name="Time" value="00:02:00"/><data name="FileNo" value="3"/><data name="LineNo" value="3"/><data name="User" value="user3"/><data name="Message" value="Some message 3"/></record>

<record><data name="Date" value="01/01/2010"/><data name="Time" value="00:03:00"/><data name="FileNo" value="3"/><data name="LineNo" value="4"/><data name="User" value="user4"/><data name="Message" value="Some message 4"/></record>

<record><data name="Date" value="01/01/2010"/><data name="Time" value="00:04:00"/><data name="FileNo" value="3"/><data name="LineNo" value="5"/><data name="User" value="user5"/><data name="Message" value="Some message 5"/></record>

<record><data name="Date" value="01/01/2010"/><data name="Time" value="00:05:00"/><data name="FileNo" value="3"/><data name="LineNo" value="6"/><data name="User" value="user6"/><data name="Message" value="Some message 6"/></record>

<record><data name="Date" value="01/01/2010"/><data name="Time" value="00:06:00"/><data name="FileNo" value="3"/><data name="LineNo" value="7"/><data name="User" value="user7"/><data name="Message" value="Some message 7"/></record>

<record><data name="Date" value="01/01/2010"/><data name="Time" value="00:07:00"/><data name="FileNo" value="3"/><data name="LineNo" value="8"/><data name="User" value="user8"/><data name="Message" value="Some message 8"/></record>

<record><data name="Date" value="01/01/2010"/><data name="Time" value="00:08:00"/><data name="FileNo" value="3"/><data name="LineNo" value="9"/><data name="User" value="user9"/><data name="Message" value="Some message 9"/></record>

<record><data name="Date" value="01/01/2010"/><data name="Time" value="00:09:00"/><data name="FileNo" value="3"/><data name="LineNo" value="10"/><data name="User" value="user10"/><data name="Message" value="Some message 10"/></record>


<record><data name="Date" value="01/01/2010"/><data name="Time" value="00:00:00"/><data name="FileNo" value="4"/><data name="LineNo" value="1"/><data name="User" value="user1"/><data name="Message" value="Some message 1"/></record>

<record><data name="Date" value="01/01/2010"/><data name="Time" value="00:01:00"/><data name="FileNo" value="4"/><data name="LineNo" value="2"/><data name="User" value="user2"/><data name="Message" value="Some message 2"/></record>

<record><data name="Date" value="01/01/2010"/><data name="Time" value="00:02:00"/><data name="FileNo" value="4"/><data name="LineNo" value="3"/><data name="User" value="user3"/><data name="Message" value="Some message 3"/></record>

<record><data name="Date" value="01/01/2010"/><data name="Time" value="00:03:00"/><data name="FileNo" value="4"/><data name="LineNo" value="4"/><data name="User" value="user4"/><data name="Message" value="Some message 4"/></record>

<record><data name="Date" value="01/01/2010"/><data name="Time" value="00:04:00"/><data name="FileNo" value="4"/><data name="LineNo" value="5"/><data name="User" value="user5"/><data name="Message" value="Some message 5"/></record>

<record><data name="Date" value="01/01/2010"/><data name="Time" value="00:05:00"/><data name="FileNo" value="4"/><data name="LineNo" value="6"/><data name="User" value="user6"/><data name="Message" value="Some message 6"/></record>

<record><data name="Date" value="01/01/2010"/><data name="Time" value="00:06:00"/><data name="FileNo" value="4"/><data name="LineNo" value="7"/><data name="User" value="user7"/><data name="Message" value="Some message 7"/></record>

<record><data name="Date" value="01/01/2010"/><data name="Time" value="00:07:00"/><data name="FileNo" value="4"/><data name="LineNo" value="8"/><data name="User" value="user8"/><data name="Message" value="Some message 8"/></record>

<record><data name="Date" value="01/01/2010"/><data name="Time" value="00:08:00"/><data name="FileNo" value="4"/><data name="LineNo" value="9"/><data name="User" value="user9"/><data name="Message" value="Some message 9"/></record>

<record><data name="Date" value="01/01/2010"/><data name="Time" value="00:09:00"/><data name="FileNo" value="4"/><data name="LineNo" value="10"/><data name="User" value="user10"/><data name="Message" value="Some message 10"/></record>

<record><data name="Date" value="01/01/2010"/><data name="Time" value="00:08:00"/><data name="FileNo" value="4"/><data name="LineNo" value="9"/><data name="User" value="user9"/><data name="Message" value="Some message 9"/></record>

<record><data name="Date" value="01/01/2010"/><data name="Time" value="00:07:00"/><data name="FileNo" value="4"/><data name="LineNo" value="8"/><data name="User" value="user8"/><data name="Message" value="Some message 8"/></record>

<record><data name="Date" value="01/01/2010"/><data name="Time" value="00:06:00"/><data name="FileNo" value="4"/><data name="LineNo" value="7"/><data name="User" value="user7"/><data name="Message" value="Some message 7"/></record>

<record><data name="Date" value="01/01/2010"/><data name="Time" value="00:05:00"/><data name="FileNo" value="4"/><data name="LineNo" value="6"/><data name="User" value="user6"/><data name="Message" value="Some message 6"/></record>

<record><data name="Date" value="01/01/2010"/><data name="Time" value="00:04:00"/><data name="FileNo" value="4"/><data name="LineNo" value="5"/><data name="User" value="user5"/><data name="Message" value="Some message 5"/></record>

<record><data name="Date" value="01/01/2010"/><data name="Time" value="00:03:00"/><data name="FileNo" value="4"/><data name="LineNo" value="4"/><data name="User" value="user4"/><data name="Message" value="Some message 4"/></record>

<record><data name="Date" value="01/01/2010"/><data name="Time" value="00:02:00"/><data name="FileNo" value="4"/><data name="LineNo" value="3"/><data name="User" value="user3"/><data name="Message" value="Some message 3"/></record>

<record><data name="Date" value="01/01/2010"/><data name="Time" value="00:01:00"/><data name="FileNo" value="4"/><data name="LineNo" value="2"/><data name="User" value="user2"/><data name="Message" value="Some message 2"/></record>


<record><data name="Date" value="01/01/2010"/><data name="Time" value="00:00:00"/><data name="FileNo" value="4"/><data name="LineNo" value="1"/><data name="User" value="user1"/><data name="Message" value="Some message 1"/></record>


<record><data name="Date" value="01/01/2010"/><data name="Time" value="00:00:00"/><data name="FileNo" value="4"/><data name="LineNo" value="1"/><data name="User" value="user1"/><data name="Message" value="Some message 1"/></record>


<record><data name="Date" value="01/01/2010"/><data name="Time" value="00:00:00"/><data name="FileNo" value="4"/><data name="LineNo" value="1"/><data name="User" value="user1"/><data name="Message" value="Some message 1"/></record>


<record><data name="Date" value="01/01/2010"/><data name="Time" value="00:00:00"/><data name="FileNo" value="4"/><data name="LineNo" value="1"/><data name="User" value="user1"/><data name="Message" value="Some message 1"/></record>


<record><data name="Date" value="01/01/2010"/><data name="Time" value="00:00:00"/><data name="FileNo" value="4"/><data name="LineNo" value="1"/><data name="User" value="user1"/><data name="Message" value="Some message 1"/></record>


<record><data name="Date" value="01/01/2010"/><data name="Time" value="00:00:00"/><data name="FileNo" value="4"/><data name="LineNo" value="1"/><data name="User" value="user1"/><data name="Message" value="Some message 1"/></record>


<record><data name="Date" value="01/01/2010"/><data name="Time" value="00:00:00"/><data name="FileNo" value="4"/><data name="LineNo" value="1"/><data name="User" value="user1"/><data name="Message" value="Some message 1"/></record>


<record><data name="Date" value="01/01/2010"/><data name="Time" value="00:00:00"/><data name="FileNo" value="4"/><data name="LineNo" value="1"/><data name="User" value="user1"/><data name="Message" value="Some message 1"/></record>


<record><data name="Date" value="01/01/2010"/><data name="Time" value="00:00:00"/><data name="FileNo" value="4"/><data name="LineNo" value="1"/><data name="User" value="user1"/><data name="Message" value="Some message 1"/></record>


<record><data name="Date" value="01/01/2010"/><data name="Time" value="00:00:00"/><data name="FileNo" value="4"/><data name="LineNo" value="1"/><data name="User" value="user1"/><data name="Message" value="Some message 1"/></record>

<record><data name="Date" value="01/01/2010"/><data name="Time" value="00:09:00"/><data name="FileNo" value="3"/><data name="LineNo" value="10"/><data name="User" value="user10"/><data name="Message" value="Some message 10"/></record>

<record><data name="Date" value="01/01/2010"/><data name="Time" value="00:08:00"/><data name="FileNo" value="3"/><data name="LineNo" value="9"/><data name="User" value="user9"/><data name="Message" value="Some message 9"/></record>

<record><data name="Date" value="01/01/2010"/><data name="Time" value="00:07:00"/><data name="FileNo" value="3"/><data name="LineNo" value="8"/><data name="User" value="user8"/><data name="Message" value="Some message 8"/></record>

<record><data name="Date" value="01/01/2010"/><data name="Time" value="00:06:00"/><data name="FileNo" value="3"/><data name="LineNo" value="7"/><data name="User" value="user7"/><data name="Message" value="Some message 7"/></record>

<record><data name="Date" value="01/01/2010"/><data name="Time" value="00:05:00"/><data name="FileNo" value="3"/><data name="LineNo" value="6"/><data name="User" value="user6"/><data name="Message" value="Some message 6"/></record>

<record><data name="Date" value="01/01/2010"/><data name="Time" value="00:04:00"/><data name="FileNo" value="3"/><data name="LineNo" value="5"/><data name="User" value="user5"/><data name="Message" value="Some message 5"/></record>

<record><data name="Date" value="01/01/2010"/><data name="Time" value="00:03:00"/><data name="FileNo" value="3"/><data name="LineNo" value="4"/><data name="User" value="user4"/><data name="Message" value="Some message 4"/></record>

<record><data name="Date" value="01/01/2010"/><data name="Time" value="00:02:00"/><data name="FileNo" value="3"/><data name="LineNo" value="3"/><data name="User" value="user3"/><data name="Message" value="Some message 3"/></record>

<record><data name="Date" value="01/01/2010"/><data name="Time" value="00:01:00"/><data name="FileNo" value="3"/><data name="LineNo" value="2"/><data name="User" value="user2"/><data name="Message" value="Some message 2"/></record>


<record><data name="Date" value="01/01/2010"/><data name="Time" value="00:00:00"/><data name="FileNo" value="3"/><data name="LineNo" value="1"/><data name="User" value="user1"/><data name="Message" value="Some message 1"/></record>

<record><data name="Date" value="01/01/2010"/><data name="Time" value="00:09:00"/><data name="FileNo" value="2"/><data name="LineNo" value="10"/><data name="User" value="user10"/><data name="Message" value="Some message 10"/></record>

<record><data name="Date" value="01/01/2010"/><data name="Time" value="00:08:00"/><data name="FileNo" value="2"/><data name="LineNo" value="9"/><data name="User" value="user9"/><data name="Message" value="Some message 9"/></record>

<record><data name="Date" value="01/01/2010"/><data name="Time" value="00:07:00"/><data name="FileNo" value="2"/><data name="LineNo" value="8"/><data name="User" value="user8"/><data name="Message" value="Some message 8"/></record>

<record><data name="Date" value="01/01/2010"/><data name="Time" value="00:06:00"/><data name="FileNo" value="2"/><data name="LineNo" value="7"/><data name="User" value="user7"/><data name="Message" value="Some message 7"/></record>

<record><data name="Date" value="01/01/2010"/><data name="Time" value="00:05:00"/><data name="FileNo" value="2"/><data name="LineNo" value="6"/><data name="User" value="user6"/><data name="Message" value="Some message 6"/></record>

<record><data name="Date" value="01/01/2010"/><data name="Time" value="00:04:00"/><data name="FileNo" value="2"/><data name="LineNo" value="5"/><data name="User" value="user5"/><data name="Message" value="Some message 5"/></record>

<record><data name="Date" value="01/01/2010"/><data name="Time" value="00:03:00"/><data name="FileNo" value="2"/><data name="LineNo" value="4"/><data name="User" value="user4"/><data name="Message" value="Some message 4"/></record>

<record><data name="Date" value="01/01/2010"/><data name="Time" value="00:02:00"/><data name="FileNo" value="2"/><data name="LineNo" value="3"/><data name="User" value="user3"/><data name="Message" value="Some message 3"/></record>

<record><data name="Date" value="01/01/2010"/><data name="Time" value="00:01:00"/><data name="FileNo" value="2"/><data name="LineNo" value="2"/><data name="User" value="user2"/><data name="Message" value="Some message 2"/></record>


<record><data name="Date" value="01/01/2010"/><data name="Time" value="00:00:00"/><data name="FileNo" value="2"/><data name="LineNo" value="1"/><data name="User" value="user1"/><data name="Message" value="Some message 1"/></record>

<record><data name="Date" value="01/01/2010"/><data name="Time" value="00:09:00"/><data name="FileNo" value="1"/><data name="LineNo" value="10"/><data name="User" value="user10"/><data name="Message" value="Some message 10"/></record>

<record><data name="Date" value="01/01/2010"/><data name="Time" value="00:08:00"/><data name="FileNo" value="1"/><data name="LineNo" value="9"/><data name="User" value="user9"/><data name="Message" value="Some message 9"/></record>

<record><data name="Date" value="01/01/2010"/><data name="Time" value="00:07:00"/><data name="FileNo" value="1"/><data name="LineNo" value="8"/><data name="User" value="user8"/><data name="Message" value="Some message 8"/></record>

<record><data name="Date" value="01/01/2010"/><data name="Time" value="00:06:00"/><data name="FileNo" value="1"/><data name="LineNo" value="7"/><data name="User" value="user7"/><data name="Message" value="Some message 7"/></record>

<record><data name="Date" value="01/01/2010"/><data name="Time" value="00:05:00"/><data name="FileNo" value="1"/><data name="LineNo" value="6"/><data name="User" value="user6"/><data name="Message" value="Some message 6"/></record>

<record><data name="Date" value="01/01/2010"/><data name="Time" value="00:04:00"/><data name="FileNo" value="1"/><data name="LineNo" value="5"/><data name="User" value="user5"/><data name="Message" value="Some message 5"/></record>

<record><data name="Date" value="01/01/2010"/><data name="Time" value="00:03:00"/><data name="FileNo" value="1"/><data name="LineNo" value="4"/><data name="User" value="user4"/><data name="Message" value="Some message 4"/></record>

<record><data name="Date" value="01/01/2010"/><data name="Time" value="00:02:00"/><data name="FileNo" value="1"/><data name="LineNo" value="3"/><data name="User" value="user3"/><data name="Message" value="Some message 3"/></record>

<record><data name="Date" value="01/01/2010"/><data name="Time" value="00:01:00"/><data name="FileNo" value="1"/><data name="LineNo" value="2"/><data name="User" value="user2"/><data name="Message" value="Some message 2"/></record>


<record><data name="Date" value="01/01/2010"/><data name="Time" value="00:00:00"/><data name="FileNo" value="1"/><data name="LineNo" value="1"/><data name="User" value="user1"/><data name="Message" value="Some message 1"/></record>

<record><data name="Date" value="01/01/2010"/><data name="Time" value="00:01:00"/><data name="FileNo" value="1"/><data name="LineNo" value="2"/><data name="User" value="user2"/><data name="Message" value="Some message 2"/></record>

<record><data name="Date" value="01/01/2010"/><data name="Time" value="00:02:00"/><data name="FileNo" value="1"/><data name="LineNo" value="3"/><data name="User" value="user3"/><data name="Message" value="Some message 3"/></record>

<record><data name="Date" value="01/01/2010"/><data name="Time" value="00:03:00"/><data name="FileNo" value="1"/><data name="LineNo" value="4"/><data name="User" value="user4"/><data name="Message" value="Some message 4"/></record>

<record><data name="Date" value="01/01/2010"/><data name="Time" value="00:04:00"/><data name="FileNo" value="1"/><data name="LineNo" value="5"/><data name="User" value="user5"/><data name="Message" value="Some message 5"/></record>

<record><data name="Date" value="01/01/2010"/><data name="Time" value="00:05:00"/><data name="FileNo" value="1"/><data name="LineNo" value="6"/><data name="User" value="user6"/><data name="Message" value="Some message 6"/></record>

<record><data name="Date" value="01/01/2010"/><data name="Time" value="00:06:00"/><data name="FileNo" value="1"/><data name="LineNo" value="7"/><data name="User" value="user7"/><data name="Message" value="Some message 7"/></record>

<record><data name="Date" value="01/01/2010"/><data name="Time" value="00:07:00"/><data name="FileNo" value="1"/><data name="LineNo" value="8"/><data name="User" value="user8"/><data name="Message" value="Some message 8"/></record>

<record><data name="Date" value="01/01/2010"/><data name="Time" value="00:08:00"/><data name="FileNo" value="1"/><data name="LineNo" value="9"/><data name="User" value="user9"/><data name="Message" value="Some message 9"/></record>

<record><data name="Date" value="01/01/2010"/><data name="Time" value="00:09:00"/><data name="FileNo" value="1"/><data name="LineNo" value="10"/><data name="User" value="user10"/><data name="Message" value="Some message 10"/></record>

<record><data name="Date" value="01/01/2010"/><data name="Time" value="00:09:00"/><data name="FileNo" value="1"/><data name="LineNo" value="10"/><data name="User" value="user10"/><data name="Message" value="Some message 10"/></record>

<record><data name="Date" value="01/01/2010"/><data name="Time" value="00:09:00"/><data name="FileNo" value="1"/><data name="LineNo" value="10"/><data name="User" value="user10"/><data name="Message" value="Some message 10"/></record>

<record><data name="Date" value="01/01/2010"/><data name="Time" value="00:09:00"/><data name="FileNo" value="1"/><data name="LineNo" value="10"/><data name="User" value="user10"/><data name="Message" value="Some message 10"/></record>

<record><data name="Date" value="01/01/2010"/><data name="Time" value="00:09:00"/><data name="FileNo" value="1"/><data name="LineNo" value="10"/><data name="User" value="user10"/><data name="Message" value="Some message 10"/></record>

<record><data name="Date" value="01/01/2010"/><data name="Time" value="00:09:00"/><data name="FileNo" value="1"/><data name="LineNo" value="10"/><data name="User" value="user10"/><data name="Message" value="Some message 10"/></record>

<record><data name="Date" value="01/01/2010"/><data name="Time" value="00:09:00"/><data name="FileNo" value="1"/><data name="LineNo" value="10"/><data name="User" value="user10"/><data name="Message" value="Some message 10"/></record>

<record><data name="Date" value="01/01/2010"/><data name="Time" value="00:09:00"/><data name="FileNo" value="1"/><data name="LineNo" value="10"/><data name="User" value="user10"/><data name="Message" value="Some message 10"/></record>

<record><data name="Date" value="01/01/2010"/><data name="Time" value="00:09:00"/><data name="FileNo" value="1"/><data name="LineNo" value="10"/><data name="User" value="user10"/><data name="Message" value="Some message 10"/></record>

<record><data name="Date" value="01/01/2010"/><data name="Time" value="00:09:00"/><data name="FileNo" value="1"/><data name="LineNo" value="10"/><data name="User" value="user10"/><data name="Message" value="Some message 10"/></record>

<record><data name="Date" value="01/01/2010"/><data name="Time" value="00:09:00"/><data name="FileNo" value="4"/><data name="LineNo" value="10"/><data name="User" value="user10"/><data name="Message" value="Some message 10"/></record>

<record><data name="Date" value="01/01/2010"/><data name="Time" value="00:09:00"/><data name="FileNo" value="4"/><data name="LineNo" value="10"/><data name="User" value="user10"/><data name="Message" value="Some message 10"/></record>

<record><data name="Date" value="01/01/2010"/><data name="Time" value="00:08:00"/><data name="FileNo" value="4"/><data name="LineNo" value="9"/><data name="User" value="user9"/><data name="Message" value="Some message 9"/></record>

<record><data name="Date" value="01/01/2010"/><data name="Time" value="00:07:00"/><data name="FileNo" value="4"/><data name="LineNo" value="8"/><data name="User" value="user8"/><data name="Message" value="Some message 8"/></record>


<record><data name="Date" value="01/01/2010"/><data name="Time" value="00:00:00"/><data name="FileNo" value="1"/><data name="LineNo" value="1"/><data name="User" value="user1"/><data name="Message" value="Some message 1"/></record>


<record><data name="Date" value="01/01/2010"/><data name="Time" value="00:00:00"/><data name="FileNo" value="1"/><data name="LineNo" value="1"/><data name="User" value="user1"/><data name="Message" value="Some message 1"/></record>

<record><data name="Date" value="01/01/2010"/><data name="Time" value="00:01:00"/><data name="FileNo" value="1"/><data name="LineNo" value="2"/><data name="User" value="user2"/><data name="Message" value="Some message 2"/></record>

<record><data name="Date" value="01/01/2010"/><data name="Time" value="00:02:00"/><data name="FileNo" value="1"/><data name="LineNo" value="3"/><data name="User" value="user3"/><data name="Message" value="Some message 3"/></record>
