<?xml version="1.1" encoding="UTF-8"?><referenceData xmlns="reference-data:2" xmlns:evt="event-logging:3" xmlns:xsi="http://www.w3.org/2001/XMLSchema-instance" xsi:schemaLocation="reference-data:2 file://reference-data-v2.0.1.xsd event-logging:3 file://event-logging-v3.0.0.xsd" version="2.0.1"><reference><map>FILENO_TO_LOCATION_MAP</map><key>1</key><value><evt:Location><evt:Country>UK</evt:Country><evt:Site>Site 1</evt:Site><evt:Building>Main</evt:Building><evt:Floor>1</evt:Floor><evt:Room>A</evt:Room><evt:Desk>100</evt:Desk></evt:Location></value></reference></referenceData>
<?xml version="1.1" encoding="UTF-8"?><referenceData xmlns="reference-data:2" xmlns:evt="event-logging:3" xmlns:xsi="http://www.w3.org/2001/XMLSchema-instance" xsi:schemaLocation="reference-data:2 file://reference-data-v2.0.1.xsd event-logging:3 file://event-logging-v3.0.0.xsd" version="2.0.1"><reference><map>FILENO_TO_LOCATION_MAP</map><key>2</key><value><evt:Location><evt:Country>UK</evt:Country><evt:Site>Site 2</evt:Site><evt:Building>Main</evt:Building><evt:Floor>2</evt:Floor><evt:Room>A</evt:Room><evt:Desk>A2a.A2.2</evt:Desk></evt:Location></value></reference></referenceData>
<?xml version="1.1" encoding="UTF-8"?><referenceData xmlns="reference-data:2" xmlns:evt="event-logging:3" xmlns:xsi="http://www.w3.org/2001/XMLSchema-instance" xsi:schemaLocation="reference-data:2 file://reference-data-v2.0.1.xsd event-logging:3 file://event-logging-v3.0.0.xsd" version="2.0.1"><reference><map>FILENO_TO_LOCATION_MAP</map><key>3</key><value><evt:Location><evt:Country>UK</evt:Country><evt:Site>Site 3</evt:Site><evt:Building>Main</evt:Building><evt:Floor>3</evt:Floor><evt:Room>A</evt:Room><evt:Desk>A3a.A3.3</evt:Desk></evt:Location></value></reference></referenceData>
<?xml version="1.1" encoding="UTF-8"?><referenceData xmlns="reference-data:2" xmlns:evt="event-logging:3" xmlns:xsi="http://www.w3.org/2001/XMLSchema-instance" xsi:schemaLocation="reference-data:2 file://reference-data-v2.0.1.xsd event-logging:3 file://event-logging-v3.0.0.xsd" version="2.0.1"><reference><map>FILENO_TO_LOCATION_MAP</map><key>4</key><value><evt:Location><evt:Country>UK</evt:Country><evt:Site>Site 4</evt:Site><evt:Building>Main</evt:Building><evt:Floor>4</evt:Floor><evt:Room>A</evt:Room><evt:Desk>A4a.A4.4</evt:Desk></evt:Location></value></reference></referenceData>
<?xml version="1.1" encoding="UTF-8"?><referenceData xmlns="reference-data:2" xmlns:evt="event-logging:3" xmlns:xsi="http://www.w3.org/2001/XMLSchema-instance" xsi:schemaLocation="reference-data:2 file://reference-data-v2.0.1.xsd event-logging:3 file://event-logging-v3.0.0.xsd" version="2.0.1"><reference><map>FILENO_TO_LOCATION_MAP</map><key>3</key><value><evt:Location><evt:Country>UK</evt:Country><evt:Site>Site 3</evt:Site><evt:Building>Main</evt:Building><evt:Floor>3</evt:Floor><evt:Room>A</evt:Room><evt:Desk>A3a.A3.3</evt:Desk></evt:Location></value></reference></referenceData>
<?xml version="1.1" encoding="UTF-8"?><referenceData xmlns="reference-data:2" xmlns:evt="event-logging:3" xmlns:xsi="http://www.w3.org/2001/XMLSchema-instance" xsi:schemaLocation="reference-data:2 file://reference-data-v2.0.1.xsd event-logging:3 file://event-logging-v3.0.0.xsd" version="2.0.1"><reference><map>FILENO_TO_LOCATION_MAP</map><key>2</key><value><evt:Location><evt:Country>UK</evt:Country><evt:Site>Site 2</evt:Site><evt:Building>Main</evt:Building><evt:Floor>2</evt:Floor><evt:Room>A</evt:Room><evt:Desk>A2a.A2.2</evt:Desk></evt:Location></value></reference></referenceData>
<?xml version="1.1" encoding="UTF-8"?><referenceData xmlns="reference-data:2" xmlns:evt="event-logging:3" xmlns:xsi="http://www.w3.org/2001/XMLSchema-instance" xsi:schemaLocation="reference-data:2 file://reference-data-v2.0.1.xsd event-logging:3 file://event-logging-v3.0.0.xsd" version="2.0.1"><reference><map>FILENO_TO_LOCATION_MAP</map><key>1</key><value><evt:Location><evt:Country>UK</evt:Country><evt:Site>Site 1</evt:Site><evt:Building>Main</evt:Building><evt:Floor>1</evt:Floor><evt:Room>A</evt:Room><evt:Desk>100</evt:Desk></evt:Location></value></reference></referenceData>
<?xml version="1.1" encoding="UTF-8"?><referenceData xmlns="reference-data:2" xmlns:evt="event-logging:3" xmlns:xsi="http://www.w3.org/2001/XMLSchema-instance" xsi:schemaLocation="reference-data:2 file://reference-data-v2.0.1.xsd event-logging:3 file://event-logging-v3.0.0.xsd" version="2.0.1"><reference><map>FILENO_TO_LOCATION_MAP</map><key>1</key><value><evt:Location><evt:Country>UK</evt:Country><evt:Site>Site 1</evt:Site><evt:Building>Main</evt:Building><evt:Floor>1</evt:Floor><evt:Room>A</evt:Room><evt:Desk>100</evt:Desk></evt:Location></value></reference></referenceData>
<?xml version="1.1" encoding="UTF-8"?><referenceData xmlns="reference-data:2" xmlns:evt="event-logging:3" xmlns:xsi="http://www.w3.org/2001/XMLSchema-instance" xsi:schemaLocation="reference-data:2 file://reference-data-v2.0.1.xsd event-logging:3 file://event-logging-v3.0.0.xsd" version="2.0.1"><reference><map>FILENO_TO_LOCATION_MAP</map><key>1</key><value><evt:Location><evt:Country>UK</evt:Country><evt:Site>Site 1</evt:Site><evt:Building>Main</evt:Building><evt:Floor>1</evt:Floor><evt:Room>A</evt:Room><evt:Desk>100</evt:Desk></evt:Location></value></reference></referenceData>
<?xml version="1.1" encoding="UTF-8"?><referenceData xmlns="reference-data:2" xmlns:evt="event-logging:3" xmlns:xsi="http://www.w3.org/2001/XMLSchema-instance" xsi:schemaLocation="reference-data:2 file://reference-data-v2.0.1.xsd event-logging:3 file://event-logging-v3.0.0.xsd" version="2.0.1"><reference><map>FILENO_TO_LOCATION_MAP</map><key>1</key><value><evt:Location><evt:Country>UK</evt:Country><evt:Site>Site 1</evt:Site><evt:Building>Main</evt:Building><evt:Floor>1</evt:Floor><evt:Room>A</evt:Room><evt:Desk>100</evt:Desk></evt:Location></value></reference></referenceData>
<?xml version="1.1" encoding="UTF-8"?><referenceData xmlns="reference-data:2" xmlns:evt="event-logging:3" xmlns:xsi="http://www.w3.org/2001/XMLSchema-instance" xsi:schemaLocation="reference-data:2 file://reference-data-v2.0.1.xsd event-logging:3 file://event-logging-v3.0.0.xsd" version="2.0.1"><reference><map>FILENO_TO_LOCATION_MAP</map><key>1</key><value><evt:Location><evt:Country>UK</evt:Country><evt:Site>Site 1</evt:Site><evt:Building>Main</evt:Building><evt:Floor>1</evt:Floor><evt:Room>A</evt:Room><evt:Desk>100</evt:Desk></evt:Location></value></reference></referenceData>
<?xml version="1.1" encoding="UTF-8"?><referenceData xmlns="reference-data:2" xmlns:evt="event-logging:3" xmlns:xsi="http://www.w3.org/2001/XMLSchema-instance" xsi:schemaLocation="reference-data:2 file://reference-data-v2.0.1.xsd event-logging:3 file://event-logging-v3.0.0.xsd" version="2.0.1"><reference><map>FILENO_TO_LOCATION_MAP</map><key>1</key><value><evt:Location><evt:Country>UK</evt:Country><evt:Site>Site 1</evt:Site><evt:Building>Main</evt:Building><evt:Floor>1</evt:Floor><evt:Room>A</evt:Room><evt:Desk>100</evt:Desk></evt:Location></value></reference></referenceData>
<?xml version="1.1" encoding="UTF-8"?><referenceData xmlns="reference-data:2" xmlns:evt="event-logging:3" xmlns:xsi="http://www.w3.org/2001/XMLSchema-instance" xsi:schemaLocation="reference-data:2 file://reference-data-v2.0.1.xsd event-logging:3 file://event-logging-v3.0.0.xsd" version="2.0.1"><reference><map>FILENO_TO_LOCATION_MAP</map><key>1</key><value><evt:Location><evt:Country>UK</evt:Country><evt:Site>Site 1</evt:Site><evt:Building>Main</evt:Building><evt:Floor>1</evt:Floor><evt:Room>A</evt:Room><evt:Desk>100</evt:Desk></evt:Location></value></reference></referenceData>
<?xml version="1.1" encoding="UTF-8"?><referenceData xmlns="reference-data:2" xmlns:evt="event-logging:3" xmlns:xsi="http://www.w3.org/2001/XMLSchema-instance" xsi:schemaLocation="reference-data:2 file://reference-data-v2.0.1.xsd event-logging:3 file://event-logging-v3.0.0.xsd" version="2.0.1"><reference><map>FILENO_TO_LOCATION_MAP</map><key>1</key><value><evt:Location><evt:Country>UK</evt:Country><evt:Site>Site 1</evt:Site><evt:Building>Main</evt:Building><evt:Floor>1</evt:Floor><evt:Room>A</evt:Room><evt:Desk>100</evt:Desk></evt:Location></value></reference></referenceData>
<?xml version="1.1" encoding="UTF-8"?><referenceData xmlns="reference-data:2" xmlns:evt="event-logging:3" xmlns:xsi="http://www.w3.org/2001/XMLSchema-instance" xsi:schemaLocation="reference-data:2 file://reference-data-v2.0.1.xsd event-logging:3 file://event-logging-v3.0.0.xsd" version="2.0.1"><reference><map>FILENO_TO_LOCATION_MAP</map><key>1</key><value><evt:Location><evt:Country>UK</evt:Country><evt:Site>Site 1</evt:Site><evt:Building>Main</evt:Building><evt:Floor>1</evt:Floor><evt:Room>A</evt:Room><evt:Desk>100</evt:Desk></evt:Location></value></reference></referenceData>
<?xml version="1.1" encoding="UTF-8"?><referenceData xmlns="reference-data:2" xmlns:evt="event-logging:3" xmlns:xsi="http://www.w3.org/2001/XMLSchema-instance" xsi:schemaLocation="reference-data:2 file://reference-data-v2.0.1.xsd event-logging:3 file://event-logging-v3.0.0.xsd" version="2.0.1"><reference><map>FILENO_TO_LOCATION_MAP</map><key>1</key><value><evt:Location><evt:Country>UK</evt:Country><evt:Site>Site 1</evt:Site><evt:Building>Main</evt:Building><evt:Floor>1</evt:Floor><evt:Room>A</evt:Room><evt:Desk>100</evt:Desk></evt:Location></value></reference></referenceData>
<?xml version="1.1" encoding="UTF-8"?><referenceData xmlns="reference-data:2" xmlns:evt="event-logging:3" xmlns:xsi="http://www.w3.org/2001/XMLSchema-instance" xsi:schemaLocation="reference-data:2 file://reference-data-v2.0.1.xsd event-logging:3 file://event-logging-v3.0.0.xsd" version="2.0.1"><reference><map>FILENO_TO_LOCATION_MAP</map><key>2</key><value><evt:Location><evt:Country>UK</evt:Country><evt:Site>Site 2</evt:Site><evt:Building>Main</evt:Building><evt:Floor>2</evt:Floor><evt:Room>A</evt:Room><evt:Desk>A2a.A2.2</evt:Desk></evt:Location></value></reference></referenceData>
<?xml version="1.1" encoding="UTF-8"?><referenceData xmlns="reference-data:2" xmlns:evt="event-logging:3" xmlns:xsi="http://www.w3.org/2001/XMLSchema-instance" xsi:schemaLocation="reference-data:2 file://reference-data-v2.0.1.xsd event-logging:3 file://event-logging-v3.0.0.xsd" version="2.0.1"><reference><map>FILENO_TO_LOCATION_MAP</map><key>3</key><value><evt:Location><evt:Country>UK</evt:Country><evt:Site>Site 3</evt:Site><evt:Building>Main</evt:Building><evt:Floor>3</evt:Floor><evt:Room>A</evt:Room><evt:Desk>A3a.A3.3</evt:Desk></evt:Location></value></reference></referenceData>
<?xml version="1.1" encoding="UTF-8"?><referenceData xmlns="reference-data:2" xmlns:evt="event-logging:3" xmlns:xsi="http://www.w3.org/2001/XMLSchema-instance" xsi:schemaLocation="reference-data:2 file://reference-data-v2.0.1.xsd event-logging:3 file://event-logging-v3.0.0.xsd" version="2.0.1"><reference><map>FILENO_TO_LOCATION_MAP</map><key>4</key><value><evt:Location><evt:Country>UK</evt:Country><evt:Site>Site 4</evt:Site><evt:Building>Main</evt:Building><evt:Floor>4</evt:Floor><evt:Room>A</evt:Room><evt:Desk>A4a.A4.4</evt:Desk></evt:Location></value></reference></referenceData>
<?xml version="1.1" encoding="UTF-8"?><referenceData xmlns="reference-data:2" xmlns:evt="event-logging:3" xmlns:xsi="http://www.w3.org/2001/XMLSchema-instance" xsi:schemaLocation="reference-data:2 file://reference-data-v2.0.1.xsd event-logging:3 file://event-logging-v3.0.0.xsd" version="2.0.1"><reference><map>FILENO_TO_LOCATION_MAP</map><key>4</key><value><evt:Location><evt:Country>UK</evt:Country><evt:Site>Site 4</evt:Site><evt:Building>Main</evt:Building><evt:Floor>4</evt:Floor><evt:Room>A</evt:Room><evt:Desk>A4a.A4.4</evt:Desk></evt:Location></value></reference></referenceData>
<?xml version="1.1" encoding="UTF-8"?><referenceData xmlns="reference-data:2" xmlns:evt="event-logging:3" xmlns:xsi="http://www.w3.org/2001/XMLSchema-instance" xsi:schemaLocation="reference-data:2 file://reference-data-v2.0.1.xsd event-logging:3 file://event-logging-v3.0.0.xsd" version="2.0.1"><reference><map>FILENO_TO_LOCATION_MAP</map><key>4</key><value><evt:Location><evt:Country>UK</evt:Country><evt:Site>Site 4</evt:Site><evt:Building>Main</evt:Building><evt:Floor>4</evt:Floor><evt:Room>A</evt:Room><evt:Desk>A4a.A4.4</evt:Desk></evt:Location></value></reference></referenceData>
<?xml version="1.1" encoding="UTF-8"?><referenceData xmlns="reference-data:2" xmlns:evt="event-logging:3" xmlns:xsi="http://www.w3.org/2001/XMLSchema-instance" xsi:schemaLocation="reference-data:2 file://reference-data-v2.0.1.xsd event-logging:3 file://event-logging-v3.0.0.xsd" version="2.0.1"><reference><map>FILENO_TO_LOCATION_MAP</map><key>4</key><value><evt:Location><evt:Country>UK</evt:Country><evt:Site>Site 4</evt:Site><evt:Building>Main</evt:Building><evt:Floor>4</evt:Floor><evt:Room>A</evt:Room><evt:Desk>A4a.A4.4</evt:Desk></evt:Location></value></reference></referenceData>
<?xml version="1.1" encoding="UTF-8"?><referenceData xmlns="reference-data:2" xmlns:evt="event-logging:3" xmlns:xsi="http://www.w3.org/2001/XMLSchema-instance" xsi:schemaLocation="reference-data:2 file://reference-data-v2.0.1.xsd event-logging:3 file://event-logging-v3.0.0.xsd" version="2.0.1"><reference><map>FILENO_TO_LOCATION_MAP</map><key>4</key><value><evt:Location><evt:Country>UK</evt:Country><evt:Site>Site 4</evt:Site><evt:Building>Main</evt:Building><evt:Floor>4</evt:Floor><evt:Room>A</evt:Room><evt:Desk>A4a.A4.4</evt:Desk></evt:Location></value></reference></referenceData>
<?xml version="1.1" encoding="UTF-8"?><referenceData xmlns="reference-data:2" xmlns:evt="event-logging:3" xmlns:xsi="http://www.w3.org/2001/XMLSchema-instance" xsi:schemaLocation="reference-data:2 file://reference-data-v2.0.1.xsd event-logging:3 file://event-logging-v3.0.0.xsd" version="2.0.1"><reference><map>FILENO_TO_LOCATION_MAP</map><key>4</key><value><evt:Location><evt:Country>UK</evt:Country><evt:Site>Site 4</evt:Site><evt:Building>Main</evt:Building><evt:Floor>4</evt:Floor><evt:Room>A</evt:Room><evt:Desk>A4a.A4.4</evt:Desk></evt:Location></value></reference></referenceData>
<?xml version="1.1" encoding="UTF-8"?><referenceData xmlns="reference-data:2" xmlns:evt="event-logging:3" xmlns:xsi="http://www.w3.org/2001/XMLSchema-instance" xsi:schemaLocation="reference-data:2 file://reference-data-v2.0.1.xsd event-logging:3 file://event-logging-v3.0.0.xsd" version="2.0.1"><reference><map>FILENO_TO_LOCATION_MAP</map><key>4</key><value><evt:Location><evt:Country>UK</evt:Country><evt:Site>Site 4</evt:Site><evt:Building>Main</evt:Building><evt:Floor>4</evt:Floor><evt:Room>A</evt:Room><evt:Desk>A4a.A4.4</evt:Desk></evt:Location></value></reference></referenceData>
<?xml version="1.1" encoding="UTF-8"?><referenceData xmlns="reference-data:2" xmlns:evt="event-logging:3" xmlns:xsi="http://www.w3.org/2001/XMLSchema-instance" xsi:schemaLocation="reference-data:2 file://reference-data-v2.0.1.xsd event-logging:3 file://event-logging-v3.0.0.xsd" version="2.0.1"><reference><map>FILENO_TO_LOCATION_MAP</map><key>4</key><value><evt:Location><evt:Country>UK</evt:Country><evt:Site>Site 4</evt:Site><evt:Building>Main</evt:Building><evt:Floor>4</evt:Floor><evt:Room>A</evt:Room><evt:Desk>A4a.A4.4</evt:Desk></evt:Location></value></reference></referenceData>
<?xml version="1.1" encoding="UTF-8"?><referenceData xmlns="reference-data:2" xmlns:evt="event-logging:3" xmlns:xsi="http://www.w3.org/2001/XMLSchema-instance" xsi:schemaLocation="reference-data:2 file://reference-data-v2.0.1.xsd event-logging:3 file://event-logging-v3.0.0.xsd" version="2.0.1"><reference><map>FILENO_TO_LOCATION_MAP</map><key>4</key><value><evt:Location><evt:Country>UK</evt:Country><evt:Site>Site 4</evt:Site><evt:Building>Main</evt:Building><evt:Floor>4</evt:Floor><evt:Room>A</evt:Room><evt:Desk>A4a.A4.4</evt:Desk></evt:Location></value></reference></referenceData>
<?xml version="1.1" encoding="UTF-8"?><referenceData xmlns="reference-data:2" xmlns:evt="event-logging:3" xmlns:xsi="http://www.w3.org/2001/XMLSchema-instance" xsi:schemaLocation="reference-data:2 file://reference-data-v2.0.1.xsd event-logging:3 file://event-logging-v3.0.0.xsd" version="2.0.1"><reference><map>FILENO_TO_LOCATION_MAP</map><key>4</key><value><evt:Location><evt:Country>UK</evt:Country><evt:Site>Site 4</evt:Site><evt:Building>Main</evt:Building><evt:Floor>4</evt:Floor><evt:Room>A</evt:Room><evt:Desk>A4a.A4.4</evt:Desk></evt:Location></value></reference></referenceData>
<?xml version="1.1" encoding="UTF-8"?><referenceData xmlns="reference-data:2" xmlns:evt="event-logging:3" xmlns:xsi="http://www.w3.org/2001/XMLSchema-instance" xsi:schemaLocation="reference-data:2 file://reference-data-v2.0.1.xsd event-logging:3 file://event-logging-v3.0.0.xsd" version="2.0.1"><reference><map>FILENO_TO_LOCATION_MAP</map><key>4</key><value><evt:Location><evt:Country>UK</evt:Country><evt:Site>Site 4</evt:Site><evt:Building>Main</evt:Building><evt:Floor>4</evt:Floor><evt:Room>A</evt:Room><evt:Desk>A4a.A4.4</evt:Desk></evt:Location></value></reference></referenceData>
<?xml version="1.1" encoding="UTF-8"?><referenceData xmlns="reference-data:2" xmlns:evt="event-logging:3" xmlns:xsi="http://www.w3.org/2001/XMLSchema-instance" xsi:schemaLocation="reference-data:2 file://reference-data-v2.0.1.xsd event-logging:3 file://event-logging-v3.0.0.xsd" version="2.0.1"><reference><map>FILENO_TO_LOCATION_MAP</map><key>4</key><value><evt:Location><evt:Country>UK</evt:Country><evt:Site>Site 4</evt:Site><evt:Building>Main</evt:Building><evt:Floor>4</evt:Floor><evt:Room>A</evt:Room><evt:Desk>A4a.A4.4</evt:Desk></evt:Location></value></reference></referenceData>
<?xml version="1.1" encoding="UTF-8"?><referenceData xmlns="reference-data:2" xmlns:evt="event-logging:3" xmlns:xsi="http://www.w3.org/2001/XMLSchema-instance" xsi:schemaLocation="reference-data:2 file://reference-data-v2.0.1.xsd event-logging:3 file://event-logging-v3.0.0.xsd" version="2.0.1"><reference><map>FILENO_TO_LOCATION_MAP</map><key>3</key><value><evt:Location><evt:Country>UK</evt:Country><evt:Site>Site 3</evt:Site><evt:Building>Main</evt:Building><evt:Floor>3</evt:Floor><evt:Room>A</evt:Room><evt:Desk>A3a.A3.3</evt:Desk></evt:Location></value></reference></referenceData>
<?xml version="1.1" encoding="UTF-8"?><referenceData xmlns="reference-data:2" xmlns:evt="event-logging:3" xmlns:xsi="http://www.w3.org/2001/XMLSchema-instance" xsi:schemaLocation="reference-data:2 file://reference-data-v2.0.1.xsd event-logging:3 file://event-logging-v3.0.0.xsd" version="2.0.1"><reference><map>FILENO_TO_LOCATION_MAP</map><key>2</key><value><evt:Location><evt:Country>UK</evt:Country><evt:Site>Site 2</evt:Site><evt:Building>Main</evt:Building><evt:Floor>2</evt:Floor><evt:Room>A</evt:Room><evt:Desk>A2a.A2.2</evt:Desk></evt:Location></value></reference></referenceData>
<?xml version="1.1" encoding="UTF-8"?><referenceData xmlns="reference-data:2" xmlns:evt="event-logging:3" xmlns:xsi="http://www.w3.org/2001/XMLSchema-instance" xsi:schemaLocation="reference-data:2 file://reference-data-v2.0.1.xsd event-logging:3 file://event-logging-v3.0.0.xsd" version="2.0.1"><reference><map>FILENO_TO_LOCATION_MAP</map><key>1</key><value><evt:Location><evt:Country>UK</evt:Country><evt:Site>Site 1</evt:Site><evt:Building>Main</evt:Building><evt:Floor>1</evt:Floor><evt:Room>A</evt:Room><evt:Desk>100</evt:Desk></evt:Location></value></reference></referenceData>
<?xml version="1.1" encoding="UTF-8"?><referenceData xmlns="reference-data:2" xmlns:evt="event-logging:3" xmlns:xsi="http://www.w3.org/2001/XMLSchema-instance" xsi:schemaLocation="reference-data:2 file://reference-data-v2.0.1.xsd event-logging:3 file://event-logging-v3.0.0.xsd" version="2.0.1"><reference><map>FILENO_TO_LOCATION_MAP</map><key>1</key><value><evt:Location><evt:Country>UK</evt:Country><evt:Site>Site 1</evt:Site><evt:Building>Main</evt:Building><evt:Floor>1</evt:Floor><evt:Room>A</evt:Room><evt:Desk>100</evt:Desk></evt:Location></value></reference></referenceData>
<?xml version="1.1" encoding="UTF-8"?><referenceData xmlns="reference-data:2" xmlns:evt="event-logging:3" xmlns:xsi="http://www.w3.org/2001/XMLSchema-instance" xsi:schemaLocation="reference-data:2 file://reference-data-v2.0.1.xsd event-logging:3 file://event-logging-v3.0.0.xsd" version="2.0.1"><reference><map>FILENO_TO_LOCATION_MAP</map><key>2</key><value><evt:Location><evt:Country>UK</evt:Country><evt:Site>Site 2</evt:Site><evt:Building>Main</evt:Building><evt:Floor>2</evt:Floor><evt:Room>A</evt:Room><evt:Desk>A2a.A2.2</evt:Desk></evt:Location></value></reference></referenceData>
<?xml version="1.1" encoding="UTF-8"?><referenceData xmlns="reference-data:2" xmlns:evt="event-logging:3" xmlns:xsi="http://www.w3.org/2001/XMLSchema-instance" xsi:schemaLocation="reference-data:2 file://reference-data-v2.0.1.xsd event-logging:3 file://event-logging-v3.0.0.xsd" version="2.0.1"><reference><map>FILENO_TO_LOCATION_MAP</map><key>3</key><value><evt:Location><evt:Country>UK</evt:Country><evt:Site>Site 3</evt:Site><evt:Building>Main</evt:Building><evt:Floor>3</evt:Floor><evt:Room>A</evt:Room><evt:Desk>A3a.A3.3</evt:Desk></evt:Location></value></reference></referenceData>