FileNo,Country,Site,Building,Floor,Room,Desk
1,UK,Site 1,Main,1,A,100

2,UK,Site 2,Main,2,A,A2a.A2.2

3,UK,Site 3,Main,3,A,A3a.A3.3

4,UK,Site 4,Main,4,A,A4a.A4.4

3,UK,Site 3,Main,3,A,A3a.A3.3

2,UK,Site 2,Main,2,A,A2a.A2.2

FileNo,Country,Site,Building,Floor,Room,Desk
1,UK,Site 1,Main,1,A,100

FileNo,Country,Site,Building,Floor,Room,Desk
1,UK,Site 1,Main,1,A,100

FileNo,Country,Site,Building,Floor,Room,Desk
1,UK,Site 1,Main,1,A,100

FileNo,Country,Site,Building,Floor,Room,Desk
1,UK,Site 1,Main,1,A,100

FileNo,Country,Site,Building,Floor,Room,Desk
1,UK,Site 1,Main,1,A,100

FileNo,Country,Site,Building,Floor,Room,Desk
1,UK,Site 1,Main,1,A,100

FileNo,Country,Site,Building,Floor,Room,Desk
1,UK,Site 1,Main,1,A,100

FileNo,Country,Site,Building,Floor,Room,Desk
1,UK,Site 1,Main,1,A,100

FileNo,Country,Site,Building,Floor,Room,Desk
1,UK,Site 1,Main,1,A,100

FileNo,Country,Site,Building,Floor,Room,Desk
1,UK,Site 1,Main,1,A,100

2,UK,Site 2,Main,2,A,A2a.A2.2

3,UK,Site 3,Main,3,A,A3a.A3.3

4,UK,Site 4,Main,4,A,A4a.A4.4

4,UK,Site 4,Main,4,A,A4a.A4.4

4,UK,Site 4,Main,4,A,A4a.A4.4

4,UK,Site 4,Main,4,A,A4a.A4.4

4,UK,Site 4,Main,4,A,A4a.A4.4

4,UK,Site 4,Main,4,A,A4a.A4.4

4,UK,Site 4,Main,4,A,A4a.A4.4

4,UK,Site 4,Main,4,A,A4a.A4.4

4,UK,Site 4,Main,4,A,A4a.A4.4

4,UK,Site 4,Main,4,A,A4a.A4.4

4,UK,Site 4,Main,4,A,A4a.A4.4

4,UK,Site 4,Main,4,A,A4a.A4.4

3,UK,Site 3,Main,3,A,A3a.A3.3

2,UK,Site 2,Main,2,A,A2a.A2.2

FileNo,Country,Site,Building,Floor,Room,Desk
1,UK,Site 1,Main,1,A,100

FileNo,Country,Site,Building,Floor,Room,Desk
1,UK,Site 1,Main,1,A,100

2,UK,Site 2,Main,2,A,A2a.A2.2

3,UK,Site 3,Main,3,A,A3a.A3.3
