<?xml version="1.0" encoding="UTF-8" standalone="yes"?>
<searchRequest>
    <key>
        <uuid>1234</uuid>
    </key>
    <query>
        <dataSource>
            <type>docRefType</type>
            <uuid>docRefUuid</uuid>
            <name>docRefName</name>
        </dataSource>
        <expression>
            <op>AND</op>
            <children>
                <term>
                    <field>field1</field>
                    <condition>EQUALS</condition>
                    <value>value1</value>
                </term>
                <operator>
                    <op>AND</op>
                </operator>
                <term>
                    <field>field2</field>
                    <condition>BETWEEN</condition>
                    <value>value2</value>
                </term>
            </children>
        </expression>
        <params>
            <param>
                <key>param1</key>
                <value>val1</value>
            </param>
            <param>
                <key>param2</key>
                <value>val2</value>
            </param>
        </params>
    </query>
    <resultRequests>
        <resultRequest>
            <componentId>componentX</componentId>
            <mappings>
                <tableSettings>
                    <queryId>someQueryId</queryId>
                    <fields>
                        <field>
                            <name>name1</name>
                            <expression>expression1</expression>
                            <sort>
                                <order>1</order>
                                <direction>ASCENDING</direction>
                            </sort>
                            <filter>
                                <includes>include1</includes>
                                <excludes>exclude1</excludes>
                            </filter>
                            <format>
                                <type>NUMBER</type>
                                <numberFormat>
                                    <decimalPlaces>1</decimalPlaces>
                                    <useSeparator>false</useSeparator>
                                </numberFormat>
                            </format>
                            <group>1</group>
                        </field>
                        <field>
                            <name>name2</name>
                            <expression>expression2</expression>
                            <sort>
                                <order>2</order>
                                <direction>DESCENDING</direction>
                            </sort>
                            <filter>
                                <includes>include2</includes>
                                <excludes>exclude2</excludes>
                            </filter>
                            <format>
                                <type>DATE_TIME</type>
                                <dateTimeFormat>
                                    <pattern>yyyy-MM-dd'T'HH:mm:ss</pattern>
                                    <timeZone>
                                        <use>OFFSET</use>
                                        <offsetHours>2</offsetHours>
                                        <offsetMinutes>30</offsetMinutes>
                                    </timeZone>
                                </dateTimeFormat>
                            </format>
                            <group>2</group>
                        </field>
                    </fields>
                    <extractValues>false</extractValues>
                    <extractionPipeline>
                        <type>docRefType2</type>
                        <uuid>docRefUuid2</uuid>
                        <name>docRefName2</name>
                    </extractionPipeline>
                    <maxResults>
                        <val>1</val>
                        <val>2</val>
                    </maxResults>
                </tableSettings>
            </mappings>
            <requestedRange>
                <offset>1</offset>
                <length>100</length>
            </requestedRange>
        </resultRequest>
    </resultRequests>
    <dateTimeLocale>en-gb</dateTimeLocale>
</searchRequest>
