<?xml version="1.0" encoding="UTF-8" standalone="yes"?>
<!--
  ~ Copyright 2017 Crown Copyright
  ~
  ~ Licensed under the Apache License, Version 2.0 (the "License");
  ~ you may not use this file except in compliance with the License.
  ~ You may obtain a copy of the License at
  ~
  ~    http://www.apache.org/licenses/LICENSE-2.0
  ~
  ~ Unless required by applicable law or agreed to in writing, software
  ~ distributed under the License is distributed on an "AS IS" BASIS,
  ~ WITHOUT WARRANTIES OR CONDITIONS OF ANY KIND, either express or implied.
  ~ See the License for the specific language governing permissions and
  ~ limitations under the License.
  -->

<searchResponse>
    <highlights>
        <highlight>highlight1</highlight>
        <highlight>highlight2</highlight>
    </highlights>
    <errors>
        <error>some error</error>
    </errors>
    <complete>false</complete>
    <results>
        <table>
            <componentId>table-1234</componentId>
            <rows>
                <row>
                    <groupKey>groupKey</groupKey>
                    <values>
                        <value>test</value>
                    </values>
                    <depth>5</depth>
                </row>
            </rows>
            <resultRange>
                <offset>1</offset>
                <length>2</length>
            </resultRange>
            <totalResults>1</totalResults>
            <error>tableResultError</error>
        </table>
        <vis>
            <componentId>vis-1234</componentId>
            <structure>
                <fields>
                    <field>
                        <name>val1</name>
                        <format>
                            <type>GENERAL</type>
                        </format>
                    </field>
                    <field>
                        <name>val2</name>
                        <format>
                            <type>NUMBER</type>
                        </format>
                    </field>
                    <field>
                        <name>val3</name>
                        <format>
                            <type>NUMBER</type>
                        </format>
                    </field>
                    <field>
                        <name>val4</name>
                        <format>
                            <type>GENERAL</type>
                        </format>
                    </field>
                </fields>
            </structure>
            <values>
                <values>
                    <string>test0</string>
                    <double>0.4</double>
                    <integer>234</integer>
                    <string>this0</string>
                </values>
                <values>
                    <string>test1</string>
                    <double>0.5</double>
                    <integer>25634</integer>
                    <string>this1</string>
                </values>
                <values>
                    <string>test2</string>
                    <double>0.6</double>
                    <integer>27</integer>
                    <string>this2</string>
                </values>
                <values>
                    <string>test3</string>
                    <double>0.7</double>
                    <integer>344</integer>
                    <string>this3</string>
                </values>
                <values>
                    <string>test4</string>
                    <double>0.2</double>
                    <integer>8984</integer>
                    <string>this4</string>
                </values>
                <values>
                    <string>test5</string>
                    <double>0.33</double>
                    <integer>3244</integer>
                    <string>this5</string>
                </values>
                <values>
                    <string>test6</string>
                    <double>34.66</double>
                    <integer>44</integer>
                    <string>this6</string>
                </values>
                <values>
                    <string>test7</string>
                    <double>2.33</double>
                    <integer>74</integer>
                    <string>this7</string>
                </values>
            </values>
            <size>200</size>
            <error>visResultError</error>
        </vis>
        <vis>
            <componentId>vis-5555</componentId>
            <structure>
                <fields>
                    <field>
                        <name>key1</name>
                        <format>
                            <type>GENERAL</type>
                        </format>
                    </field>
                </fields>
                <fields>
                    <field>
                        <name>key2</name>
                        <format>
                            <type>GENERAL</type>
                        </format>
                    </field>
                </fields>
                <fields>
                    <field>
                        <name>val1</name>
                        <format>
                            <type>GENERAL</type>
                        </format>
                    </field>
                    <field>
                        <name>val2</name>
                        <format>
                            <type>NUMBER</type>
                        </format>
                    </field>
                    <field>
                        <name>val3</name>
                        <format>
                            <type>NUMBER</type>
                        </format>
                    </field>
                    <field>
                        <name>val4</name>
                        <format>
                            <type>GENERAL</type>
                        </format>
                    </field>
                </fields>
            </structure>
            <nodes>
                <node>
                    <key>
                        <values>
                            <string>key1</string>
                        </values>
                    </key>
                    <nodes>
                        <node>
                            <key>
                                <values>
                                    <string>key1</string>
                                </values>
                                <values>
                                    <string>innerKey1</string>
                                </values>
                            </key>
                            <values>
                                <values>
                                    <string>test0</string>
                                    <double>0.4</double>
                                    <integer>234</integer>
                                    <string>this0</string>
                                </values>
                                <values>
                                    <string>test1</string>
                                    <double>0.5</double>
                                    <integer>25634</integer>
                                    <string>this1</string>
                                </values>
                                <values>
                                    <string>test2</string>
                                    <double>0.6</double>
                                    <integer>27</integer>
                                    <string>this2</string>
                                </values>
                                <values>
                                    <string>test3</string>
                                    <double>0.7</double>
                                    <integer>344</integer>
                                    <string>this3</string>
                                </values>
                                <values>
                                    <string>test4</string>
                                    <double>0.2</double>
                                    <integer>8984</integer>
                                    <string>this4</string>
                                </values>
                                <values>
                                    <string>test5</string>
                                    <double>0.33</double>
                                    <integer>3244</integer>
                                    <string>this5</string>
                                </values>
                                <values>
                                    <string>test6</string>
                                    <double>34.66</double>
                                    <integer>44</integer>
                                    <string>this6</string>
                                </values>
                                <values>
                                    <string>test7</string>
                                    <double>2.33</double>
                                    <integer>74</integer>
                                    <string>this7</string>
                                </values>
                            </values>
                            <min>
                                <double xmlns:xsi="http://www.w3.org/2001/XMLSchema-instance" xsi:nil="true"/>
                                <double>0.2</double>
                                <double>27.0</double>
                                <double xmlns:xsi="http://www.w3.org/2001/XMLSchema-instance" xsi:nil="true"/>
                            </min>
                            <max>
                                <double xmlns:xsi="http://www.w3.org/2001/XMLSchema-instance" xsi:nil="true"/>
                                <double>34.66</double>
                                <double>25634.0</double>
                                <double xmlns:xsi="http://www.w3.org/2001/XMLSchema-instance" xsi:nil="true"/>
                            </max>
                            <sum>
                                <double xmlns:xsi="http://www.w3.org/2001/XMLSchema-instance" xsi:nil="true"/>
                                <double>39.72</double>
                                <double>38585.0</double>
                                <double xmlns:xsi="http://www.w3.org/2001/XMLSchema-instance" xsi:nil="true"/>
                            </sum>
                        </node>
                        <node>
                            <key>
                                <values>
                                    <string>key1</string>
                                </values>
                                <values>
                                    <string>innerKey2</string>
                                </values>
                            </key>
                            <values>
                                <values>
                                    <string>test0</string>
                                    <double>0.4</double>
                                    <integer>234</integer>
                                    <string>this0</string>
                                </values>
                                <values>
                                    <string>test1</string>
                                    <double>0.5</double>
                                    <integer>25634</integer>
                                    <string>this1</string>
                                </values>
                                <values>
                                    <string>test2</string>
                                    <double>0.6</double>
                                    <integer>27</integer>
                                    <string>this2</string>
                                </values>
                                <values>
                                    <string>test3</string>
                                    <double>0.7</double>
                                    <integer>344</integer>
                                    <string>this3</string>
                                </values>
                                <values>
                                    <string>test4</string>
                                    <double>0.2</double>
                                    <integer>8984</integer>
                                    <string>this4</string>
                                </values>
                                <values>
                                    <string>test5</string>
                                    <double>0.33</double>
                                    <integer>3244</integer>
                                    <string>this5</string>
                                </values>
                                <values>
                                    <string>test6</string>
                                    <double>34.66</double>
                                    <integer>44</integer>
                                    <string>this6</string>
                                </values>
                                <values>
                                    <string>test7</string>
                                    <double>2.33</double>
                                    <integer>74</integer>
                                    <string>this7</string>
                                </values>
                            </values>
                            <min>
                                <double xmlns:xsi="http://www.w3.org/2001/XMLSchema-instance" xsi:nil="true"/>
                                <double>0.2</double>
                                <double>27.0</double>
                                <double xmlns:xsi="http://www.w3.org/2001/XMLSchema-instance" xsi:nil="true"/>
                            </min>
                            <max>
                                <double xmlns:xsi="http://www.w3.org/2001/XMLSchema-instance" xsi:nil="true"/>
                                <double>34.66</double>
                                <double>25634.0</double>
                                <double xmlns:xsi="http://www.w3.org/2001/XMLSchema-instance" xsi:nil="true"/>
                            </max>
                            <sum>
                                <double xmlns:xsi="http://www.w3.org/2001/XMLSchema-instance" xsi:nil="true"/>
                                <double>39.72</double>
                                <double>38585.0</double>
                                <double xmlns:xsi="http://www.w3.org/2001/XMLSchema-instance" xsi:nil="true"/>
                            </sum>
                        </node>
                    </nodes>
                    <min>
                        <double xmlns:xsi="http://www.w3.org/2001/XMLSchema-instance" xsi:nil="true"/>
                        <double>0.2</double>
                        <double>27.0</double>
                        <double xmlns:xsi="http://www.w3.org/2001/XMLSchema-instance" xsi:nil="true"/>
                    </min>
                    <max>
                        <double xmlns:xsi="http://www.w3.org/2001/XMLSchema-instance" xsi:nil="true"/>
                        <double>34.66</double>
                        <double>25634.0</double>
                        <double xmlns:xsi="http://www.w3.org/2001/XMLSchema-instance" xsi:nil="true"/>
                    </max>
                    <sum>
                        <double xmlns:xsi="http://www.w3.org/2001/XMLSchema-instance" xsi:nil="true"/>
                        <double>79.44</double>
                        <double>77170.0</double>
                        <double xmlns:xsi="http://www.w3.org/2001/XMLSchema-instance" xsi:nil="true"/>
                    </sum>
                </node>
                <node>
                    <key>
                        <values>
                            <string>key2</string>
                        </values>
                    </key>
                    <values>
                        <values>
                            <string>test0</string>
                            <double>0.4</double>
                            <integer>234</integer>
                            <string>this0</string>
                        </values>
                        <values>
                            <string>test1</string>
                            <double>0.5</double>
                            <integer>25634</integer>
                            <string>this1</string>
                        </values>
                        <values>
                            <string>test2</string>
                            <double>0.6</double>
                            <integer>27</integer>
                            <string>this2</string>
                        </values>
                        <values>
                            <string>test3</string>
                            <double>0.7</double>
                            <integer>344</integer>
                            <string>this3</string>
                        </values>
                        <values>
                            <string>test4</string>
                            <double>0.2</double>
                            <integer>8984</integer>
                            <string>this4</string>
                        </values>
                        <values>
                            <string>test5</string>
                            <double>0.33</double>
                            <integer>3244</integer>
                            <string>this5</string>
                        </values>
                        <values>
                            <string>test6</string>
                            <double>34.66</double>
                            <integer>44</integer>
                            <string>this6</string>
                        </values>
                        <values>
                            <string>test7</string>
                            <double>2.33</double>
                            <integer>74</integer>
                            <string>this7</string>
                        </values>
                    </values>
                    <min>
                        <double xmlns:xsi="http://www.w3.org/2001/XMLSchema-instance" xsi:nil="true"/>
                        <double>0.2</double>
                        <double>27.0</double>
                        <double xmlns:xsi="http://www.w3.org/2001/XMLSchema-instance" xsi:nil="true"/>
                    </min>
                    <max>
                        <double xmlns:xsi="http://www.w3.org/2001/XMLSchema-instance" xsi:nil="true"/>
                        <double>34.66</double>
                        <double>25634.0</double>
                        <double xmlns:xsi="http://www.w3.org/2001/XMLSchema-instance" xsi:nil="true"/>
                    </max>
                    <sum>
                        <double xmlns:xsi="http://www.w3.org/2001/XMLSchema-instance" xsi:nil="true"/>
                        <double>39.72</double>
                        <double>38585.0</double>
                        <double xmlns:xsi="http://www.w3.org/2001/XMLSchema-instance" xsi:nil="true"/>
                    </sum>
                </node>
            </nodes>
            <size>200</size>
            <error>visResultError</error>
        </vis>
    </results>
</searchResponse>
