<?xml version="1.0" encoding="UTF-8" standalone="yes"?>
<multi>
    <list>
        <int>1</int>
        <int>2</int>
        <string>this</string>
        <double>0.5</double>
        <double>56.0</double>
        <string>that</string>
    </list>
</multi>
