<?xml version="1.0" encoding="UTF-8" standalone="yes"?>
<lst>
    <list>
        <sub1>
            <num>2</num>
            <num2>5</num2>
        </sub1>
        <sub2>
            <num>8</num>
            <str>test</str>
        </sub2>
    </list>
</lst>
