<?xml version="1.1" encoding="UTF-8"?>
<Events xmlns="event-logging:3"
        xmlns:stroom="stroom"
        xmlns:xsi="http://www.w3.org/2001/XMLSchema-instance"
        xsi:schemaLocation="event-logging:3 file://event-logging-v3.0.0.xsd"
        Version="3.0.0">
   <Event>
      <EventTime>
         <TimeCreated>2010-01-01T00:00:00.000Z</TimeCreated>
      </EventTime>
      <EventSource>
         <System>
            <Name>Test</Name>
            <Environment>Test</Environment>
         </System>
         <Generator>CSV</Generator>
         <Device>
            <IPAddress>1.1.1.1</IPAddress>
            <MACAddress>00-00-00-00-00-00</MACAddress>
            <evt:Location xmlns:evt="event-logging:3">
               <evt:Country>UK</evt:Country>
               <evt:Site>Site 3</evt:Site>
               <evt:Building>Main</evt:Building>
               <evt:Floor>3</evt:Floor>
               <evt:Room>A</evt:Room>
               <evt:Desk>A3a.A3.3</evt:Desk>
            </evt:Location>
            <Data Name="Designation" Value="alpha epsilon mu"/>
            <Data Name="Zone1" Value="Zone1"/>
            <Data Name="Zone2" Value="Zone2"/>
            <Data Name="Zone3" Value="Zone3"/>
            <Data Name="Zone4" Value="Zone4"/>
            <Data Name="Zone5" Value="Zone5"/>
         </Device>
         <User>
            <Id>user1</Id>
            <evt:UserDetails xmlns:evt="event-logging:3">
               <evt:StaffNumber>staff1</evt:StaffNumber>
               <evt:Surname>Bentley</evt:Surname>
               <evt:Initials>J W</evt:Initials>
               <evt:GivenName>Jameson</evt:GivenName>
               <evt:Location>Kinross-shire</evt:Location>
               <evt:Phone>04331 444528</evt:Phone>
               <evt:SupervisorStaffNumber>staff173</evt:SupervisorStaffNumber>
            </evt:UserDetails>
            <Data Name="staffNo" Value="staff1"/>
         </User>
      </EventSource>
      <EventDetail>
         <TypeId>0001</TypeId>
         <Description>Some message 1</Description>
         <Authenticate>
            <Action>Logon</Action>
            <LogonType>Interactive</LogonType>
            <User>
               <Id>user1</Id>
            </User>
            <Data Name="FileNo" Value="3"/>
            <Data Name="LineNo" Value="1"/>
         </Authenticate>
      </EventDetail>
   </Event>
   <Event>
      <EventTime>
         <TimeCreated>2010-01-01T00:01:00.000Z</TimeCreated>
      </EventTime>
      <EventSource>
         <System>
            <Name>Test</Name>
            <Environment>Test</Environment>
         </System>
         <Generator>CSV</Generator>
         <Device>
            <IPAddress>1.1.1.1</IPAddress>
            <MACAddress>00-00-00-00-00-00</MACAddress>
            <evt:Location xmlns:evt="event-logging:3">
               <evt:Country>UK</evt:Country>
               <evt:Site>Site 3</evt:Site>
               <evt:Building>Main</evt:Building>
               <evt:Floor>3</evt:Floor>
               <evt:Room>A</evt:Room>
               <evt:Desk>A3a.A3.3</evt:Desk>
            </evt:Location>
            <Data Name="Designation" Value="alpha epsilon mu"/>
            <Data Name="Zone1" Value="Zone1"/>
            <Data Name="Zone2" Value="Zone2"/>
            <Data Name="Zone3" Value="Zone3"/>
            <Data Name="Zone4" Value="Zone4"/>
            <Data Name="Zone5" Value="Zone5"/>
         </Device>
         <User>
            <Id>user2</Id>
            <evt:UserDetails xmlns:evt="event-logging:3">
               <evt:StaffNumber>staff2</evt:StaffNumber>
               <evt:Surname>Rose</evt:Surname>
               <evt:Initials>L B</evt:Initials>
               <evt:GivenName>Lucy</evt:GivenName>
               <evt:Location>Angus</evt:Location>
               <evt:Phone>08504 841372</evt:Phone>
               <evt:SupervisorStaffNumber>staff402</evt:SupervisorStaffNumber>
            </evt:UserDetails>
            <Data Name="staffNo" Value="staff2"/>
         </User>
      </EventSource>
      <EventDetail>
         <TypeId>0001</TypeId>
         <Description>Some message 2</Description>
         <Authenticate>
            <Action>Logon</Action>
            <LogonType>Interactive</LogonType>
            <User>
               <Id>user2</Id>
            </User>
            <Data Name="FileNo" Value="3"/>
            <Data Name="LineNo" Value="2"/>
         </Authenticate>
      </EventDetail>
   </Event>
   <Event>
      <EventTime>
         <TimeCreated>2010-01-01T00:02:00.000Z</TimeCreated>
      </EventTime>
      <EventSource>
         <System>
            <Name>Test</Name>
            <Environment>Test</Environment>
         </System>
         <Generator>CSV</Generator>
         <Device>
            <IPAddress>1.1.1.1</IPAddress>
            <MACAddress>00-00-00-00-00-00</MACAddress>
            <evt:Location xmlns:evt="event-logging:3">
               <evt:Country>UK</evt:Country>
               <evt:Site>Site 3</evt:Site>
               <evt:Building>Main</evt:Building>
               <evt:Floor>3</evt:Floor>
               <evt:Room>A</evt:Room>
               <evt:Desk>A3a.A3.3</evt:Desk>
            </evt:Location>
            <Data Name="Designation" Value="alpha epsilon mu"/>
            <Data Name="Zone1" Value="Zone1"/>
            <Data Name="Zone2" Value="Zone2"/>
            <Data Name="Zone3" Value="Zone3"/>
            <Data Name="Zone4" Value="Zone4"/>
            <Data Name="Zone5" Value="Zone5"/>
         </Device>
         <User>
            <Id>user3</Id>
            <evt:UserDetails xmlns:evt="event-logging:3">
               <evt:StaffNumber>staff3</evt:StaffNumber>
               <evt:Surname>Kennedy</evt:Surname>
               <evt:Initials>X N</evt:Initials>
               <evt:GivenName>Xavier</evt:GivenName>
               <evt:Location>Lincolnshire</evt:Location>
               <evt:Phone>02977 661491</evt:Phone>
               <evt:SupervisorStaffNumber>staff257</evt:SupervisorStaffNumber>
            </evt:UserDetails>
            <Data Name="staffNo" Value="staff3"/>
         </User>
      </EventSource>
      <EventDetail>
         <TypeId>0001</TypeId>
         <Description>Some message 3</Description>
         <Authenticate>
            <Action>Logon</Action>
            <LogonType>Interactive</LogonType>
            <User>
               <Id>user3</Id>
            </User>
            <Data Name="FileNo" Value="3"/>
            <Data Name="LineNo" Value="3"/>
         </Authenticate>
      </EventDetail>
   </Event>
   <Event>
      <EventTime>
         <TimeCreated>2010-01-01T00:03:00.000Z</TimeCreated>
      </EventTime>
      <EventSource>
         <System>
            <Name>Test</Name>
            <Environment>Test</Environment>
         </System>
         <Generator>CSV</Generator>
         <Device>
            <IPAddress>1.1.1.1</IPAddress>
            <MACAddress>00-00-00-00-00-00</MACAddress>
            <evt:Location xmlns:evt="event-logging:3">
               <evt:Country>UK</evt:Country>
               <evt:Site>Site 3</evt:Site>
               <evt:Building>Main</evt:Building>
               <evt:Floor>3</evt:Floor>
               <evt:Room>A</evt:Room>
               <evt:Desk>A3a.A3.3</evt:Desk>
            </evt:Location>
            <Data Name="Designation" Value="alpha epsilon mu"/>
            <Data Name="Zone1" Value="Zone1"/>
            <Data Name="Zone2" Value="Zone2"/>
            <Data Name="Zone3" Value="Zone3"/>
            <Data Name="Zone4" Value="Zone4"/>
            <Data Name="Zone5" Value="Zone5"/>
         </Device>
         <User>
            <Id>user4</Id>
            <evt:UserDetails xmlns:evt="event-logging:3">
               <evt:StaffNumber>staff4</evt:StaffNumber>
               <evt:Surname>Cain</evt:Surname>
               <evt:Initials>R U</evt:Initials>
               <evt:GivenName>Risa</evt:GivenName>
               <evt:Location>Gloucestershire</evt:Location>
               <evt:Phone>03805 449884</evt:Phone>
               <evt:SupervisorStaffNumber>staff225</evt:SupervisorStaffNumber>
            </evt:UserDetails>
            <Data Name="staffNo" Value="staff4"/>
         </User>
      </EventSource>
      <EventDetail>
         <TypeId>0001</TypeId>
         <Description>Some message 4</Description>
         <Authenticate>
            <Action>Logon</Action>
            <LogonType>Interactive</LogonType>
            <User>
               <Id>user4</Id>
            </User>
            <Data Name="FileNo" Value="3"/>
            <Data Name="LineNo" Value="4"/>
         </Authenticate>
      </EventDetail>
   </Event>
   <Event>
      <EventTime>
         <TimeCreated>2010-01-01T00:04:00.000Z</TimeCreated>
      </EventTime>
      <EventSource>
         <System>
            <Name>Test</Name>
            <Environment>Test</Environment>
         </System>
         <Generator>CSV</Generator>
         <Device>
            <IPAddress>1.1.1.1</IPAddress>
            <MACAddress>00-00-00-00-00-00</MACAddress>
            <evt:Location xmlns:evt="event-logging:3">
               <evt:Country>UK</evt:Country>
               <evt:Site>Site 3</evt:Site>
               <evt:Building>Main</evt:Building>
               <evt:Floor>3</evt:Floor>
               <evt:Room>A</evt:Room>
               <evt:Desk>A3a.A3.3</evt:Desk>
            </evt:Location>
            <Data Name="Designation" Value="alpha epsilon mu"/>
            <Data Name="Zone1" Value="Zone1"/>
            <Data Name="Zone2" Value="Zone2"/>
            <Data Name="Zone3" Value="Zone3"/>
            <Data Name="Zone4" Value="Zone4"/>
            <Data Name="Zone5" Value="Zone5"/>
         </Device>
         <User>
            <Id>user5</Id>
            <evt:UserDetails xmlns:evt="event-logging:3">
               <evt:StaffNumber>staff5</evt:StaffNumber>
               <evt:Surname>Brown</evt:Surname>
               <evt:Initials>A W</evt:Initials>
               <evt:GivenName>August</evt:GivenName>
               <evt:Location>Lanarkshire</evt:Location>
               <evt:Phone>00861 334811</evt:Phone>
               <evt:SupervisorStaffNumber>staff23</evt:SupervisorStaffNumber>
            </evt:UserDetails>
            <Data Name="staffNo" Value="staff5"/>
         </User>
      </EventSource>
      <EventDetail>
         <TypeId>0001</TypeId>
         <Description>Some message 5</Description>
         <Authenticate>
            <Action>Logon</Action>
            <LogonType>Interactive</LogonType>
            <User>
               <Id>user5</Id>
            </User>
            <Data Name="FileNo" Value="3"/>
            <Data Name="LineNo" Value="5"/>
         </Authenticate>
      </EventDetail>
   </Event>
   <Event>
      <EventTime>
         <TimeCreated>2010-01-01T00:05:00.000Z</TimeCreated>
      </EventTime>
      <EventSource>
         <System>
            <Name>Test</Name>
            <Environment>Test</Environment>
         </System>
         <Generator>CSV</Generator>
         <Device>
            <IPAddress>1.1.1.1</IPAddress>
            <MACAddress>00-00-00-00-00-00</MACAddress>
            <evt:Location xmlns:evt="event-logging:3">
               <evt:Country>UK</evt:Country>
               <evt:Site>Site 3</evt:Site>
               <evt:Building>Main</evt:Building>
               <evt:Floor>3</evt:Floor>
               <evt:Room>A</evt:Room>
               <evt:Desk>A3a.A3.3</evt:Desk>
            </evt:Location>
            <Data Name="Designation" Value="alpha epsilon mu"/>
            <Data Name="Zone1" Value="Zone1"/>
            <Data Name="Zone2" Value="Zone2"/>
            <Data Name="Zone3" Value="Zone3"/>
            <Data Name="Zone4" Value="Zone4"/>
            <Data Name="Zone5" Value="Zone5"/>
         </Device>
         <User>
            <Id>user6</Id>
            <evt:UserDetails xmlns:evt="event-logging:3">
               <evt:StaffNumber>staff6</evt:StaffNumber>
               <evt:Surname>Cooley</evt:Surname>
               <evt:Initials>C E</evt:Initials>
               <evt:GivenName>Christen</evt:GivenName>
               <evt:Location>East Lothian</evt:Location>
               <evt:Phone>07622 987268</evt:Phone>
               <evt:SupervisorStaffNumber>staff434</evt:SupervisorStaffNumber>
            </evt:UserDetails>
            <Data Name="staffNo" Value="staff6"/>
         </User>
      </EventSource>
      <EventDetail>
         <TypeId>0001</TypeId>
         <Description>Some message 6</Description>
         <Authenticate>
            <Action>Logon</Action>
            <LogonType>Interactive</LogonType>
            <User>
               <Id>user6</Id>
            </User>
            <Data Name="FileNo" Value="3"/>
            <Data Name="LineNo" Value="6"/>
         </Authenticate>
      </EventDetail>
   </Event>
   <Event>
      <EventTime>
         <TimeCreated>2010-01-01T00:06:00.000Z</TimeCreated>
      </EventTime>
      <EventSource>
         <System>
            <Name>Test</Name>
            <Environment>Test</Environment>
         </System>
         <Generator>CSV</Generator>
         <Device>
            <IPAddress>1.1.1.1</IPAddress>
            <MACAddress>00-00-00-00-00-00</MACAddress>
            <evt:Location xmlns:evt="event-logging:3">
               <evt:Country>UK</evt:Country>
               <evt:Site>Site 3</evt:Site>
               <evt:Building>Main</evt:Building>
               <evt:Floor>3</evt:Floor>
               <evt:Room>A</evt:Room>
               <evt:Desk>A3a.A3.3</evt:Desk>
            </evt:Location>
            <Data Name="Designation" Value="alpha epsilon mu"/>
            <Data Name="Zone1" Value="Zone1"/>
            <Data Name="Zone2" Value="Zone2"/>
            <Data Name="Zone3" Value="Zone3"/>
            <Data Name="Zone4" Value="Zone4"/>
            <Data Name="Zone5" Value="Zone5"/>
         </Device>
         <User>
            <Id>user7</Id>
            <evt:UserDetails xmlns:evt="event-logging:3">
               <evt:StaffNumber>staff7</evt:StaffNumber>
               <evt:Surname>Walker</evt:Surname>
               <evt:Initials>S A</evt:Initials>
               <evt:GivenName>Seth</evt:GivenName>
               <evt:Location>Essex</evt:Location>
               <evt:Phone>06775 808280</evt:Phone>
               <evt:SupervisorStaffNumber>staff46</evt:SupervisorStaffNumber>
            </evt:UserDetails>
            <Data Name="staffNo" Value="staff7"/>
         </User>
      </EventSource>
      <EventDetail>
         <TypeId>0001</TypeId>
         <Description>Some message 7</Description>
         <Authenticate>
            <Action>Logon</Action>
            <LogonType>Interactive</LogonType>
            <User>
               <Id>user7</Id>
            </User>
            <Data Name="FileNo" Value="3"/>
            <Data Name="LineNo" Value="7"/>
         </Authenticate>
      </EventDetail>
   </Event>
   <Event>
      <EventTime>
         <TimeCreated>2010-01-01T00:07:00.000Z</TimeCreated>
      </EventTime>
      <EventSource>
         <System>
            <Name>Test</Name>
            <Environment>Test</Environment>
         </System>
         <Generator>CSV</Generator>
         <Device>
            <IPAddress>1.1.1.1</IPAddress>
            <MACAddress>00-00-00-00-00-00</MACAddress>
            <evt:Location xmlns:evt="event-logging:3">
               <evt:Country>UK</evt:Country>
               <evt:Site>Site 3</evt:Site>
               <evt:Building>Main</evt:Building>
               <evt:Floor>3</evt:Floor>
               <evt:Room>A</evt:Room>
               <evt:Desk>A3a.A3.3</evt:Desk>
            </evt:Location>
            <Data Name="Designation" Value="alpha epsilon mu"/>
            <Data Name="Zone1" Value="Zone1"/>
            <Data Name="Zone2" Value="Zone2"/>
            <Data Name="Zone3" Value="Zone3"/>
            <Data Name="Zone4" Value="Zone4"/>
            <Data Name="Zone5" Value="Zone5"/>
         </Device>
         <User>
            <Id>user8</Id>
            <evt:UserDetails xmlns:evt="event-logging:3">
               <evt:StaffNumber>staff8</evt:StaffNumber>
               <evt:Surname>Underwood</evt:Surname>
               <evt:Initials>C A</evt:Initials>
               <evt:GivenName>Calista</evt:GivenName>
               <evt:Location>Durham</evt:Location>
               <evt:Phone>09141 328047</evt:Phone>
               <evt:SupervisorStaffNumber>staff22</evt:SupervisorStaffNumber>
            </evt:UserDetails>
            <Data Name="staffNo" Value="staff8"/>
         </User>
      </EventSource>
      <EventDetail>
         <TypeId>0001</TypeId>
         <Description>Some message 8</Description>
         <Authenticate>
            <Action>Logon</Action>
            <LogonType>Interactive</LogonType>
            <User>
               <Id>user8</Id>
            </User>
            <Data Name="FileNo" Value="3"/>
            <Data Name="LineNo" Value="8"/>
         </Authenticate>
      </EventDetail>
   </Event>
   <Event>
      <EventTime>
         <TimeCreated>2010-01-01T00:08:00.000Z</TimeCreated>
      </EventTime>
      <EventSource>
         <System>
            <Name>Test</Name>
            <Environment>Test</Environment>
         </System>
         <Generator>CSV</Generator>
         <Device>
            <IPAddress>1.1.1.1</IPAddress>
            <MACAddress>00-00-00-00-00-00</MACAddress>
            <evt:Location xmlns:evt="event-logging:3">
               <evt:Country>UK</evt:Country>
               <evt:Site>Site 3</evt:Site>
               <evt:Building>Main</evt:Building>
               <evt:Floor>3</evt:Floor>
               <evt:Room>A</evt:Room>
               <evt:Desk>A3a.A3.3</evt:Desk>
            </evt:Location>
            <Data Name="Designation" Value="alpha epsilon mu"/>
            <Data Name="Zone1" Value="Zone1"/>
            <Data Name="Zone2" Value="Zone2"/>
            <Data Name="Zone3" Value="Zone3"/>
            <Data Name="Zone4" Value="Zone4"/>
            <Data Name="Zone5" Value="Zone5"/>
         </Device>
         <User>
            <Id>user9</Id>
            <evt:UserDetails xmlns:evt="event-logging:3">
               <evt:StaffNumber>staff9</evt:StaffNumber>
               <evt:Surname>Oneal</evt:Surname>
               <evt:Initials>M R</evt:Initials>
               <evt:GivenName>Molly</evt:GivenName>
               <evt:Location>Montgomeryshire</evt:Location>
               <evt:Phone>02326 200074</evt:Phone>
               <evt:SupervisorStaffNumber>staff408</evt:SupervisorStaffNumber>
            </evt:UserDetails>
            <Data Name="staffNo" Value="staff9"/>
         </User>
      </EventSource>
      <EventDetail>
         <TypeId>0001</TypeId>
         <Description>Some message 9</Description>
         <Authenticate>
            <Action>Logon</Action>
            <LogonType>Interactive</LogonType>
            <User>
               <Id>user9</Id>
            </User>
            <Data Name="FileNo" Value="3"/>
            <Data Name="LineNo" Value="9"/>
         </Authenticate>
      </EventDetail>
   </Event>
   <Event>
      <EventTime>
         <TimeCreated>2010-01-01T00:09:00.000Z</TimeCreated>
      </EventTime>
      <EventSource>
         <System>
            <Name>Test</Name>
            <Environment>Test</Environment>
         </System>
         <Generator>CSV</Generator>
         <Device>
            <IPAddress>1.1.1.1</IPAddress>
            <MACAddress>00-00-00-00-00-00</MACAddress>
            <evt:Location xmlns:evt="event-logging:3">
               <evt:Country>UK</evt:Country>
               <evt:Site>Site 3</evt:Site>
               <evt:Building>Main</evt:Building>
               <evt:Floor>3</evt:Floor>
               <evt:Room>A</evt:Room>
               <evt:Desk>A3a.A3.3</evt:Desk>
            </evt:Location>
            <Data Name="Designation" Value="alpha epsilon mu"/>
            <Data Name="Zone1" Value="Zone1"/>
            <Data Name="Zone2" Value="Zone2"/>
            <Data Name="Zone3" Value="Zone3"/>
            <Data Name="Zone4" Value="Zone4"/>
            <Data Name="Zone5" Value="Zone5"/>
         </Device>
         <User>
            <Id>user10</Id>
            <evt:UserDetails xmlns:evt="event-logging:3">
               <evt:StaffNumber>staff10</evt:StaffNumber>
               <evt:Surname>Tran</evt:Surname>
               <evt:Initials>D F</evt:Initials>
               <evt:GivenName>Dennis</evt:GivenName>
               <evt:Location>Caithness</evt:Location>
               <evt:Phone>06114 175356</evt:Phone>
               <evt:SupervisorStaffNumber>staff456</evt:SupervisorStaffNumber>
            </evt:UserDetails>
            <Data Name="staffNo" Value="staff10"/>
         </User>
      </EventSource>
      <EventDetail>
         <TypeId>0001</TypeId>
         <Description>Some message 10</Description>
         <Authenticate>
            <Action>Logon</Action>
            <LogonType>Interactive</LogonType>
            <User>
               <Id>user10</Id>
            </User>
            <Data Name="FileNo" Value="3"/>
            <Data Name="LineNo" Value="10"/>
         </Authenticate>
      </EventDetail>
   </Event>
</Events>
