<?xml version="1.1" encoding="UTF-8"?>
<Events xmlns="event-logging:3"
        xmlns:stroom="stroom"
        xmlns:xsi="http://www.w3.org/2001/XMLSchema-instance"
        xsi:schemaLocation="event-logging:3 file://event-logging-v3.0.0.xsd"
        Version="3.0.0">
   <Event>
      <EventTime>
         <TimeCreated>2010-01-01T00:05:00.000Z</TimeCreated>
      </EventTime>
      <EventSource>
         <System>
            <Name>Test</Name>
            <Environment>Test</Environment>
         </System>
         <Generator>CSV</Generator>
         <Device>
            <IPAddress>1.1.1.1</IPAddress>
            <MACAddress>00-00-00-00-00-00</MACAddress>
            <evt:Location xmlns:evt="event-logging:3">
               <evt:Country>UK</evt:Country>
               <evt:Site>Site 3</evt:Site>
               <evt:Building>Main</evt:Building>
               <evt:Floor>3</evt:Floor>
               <evt:Room>A</evt:Room>
               <evt:Desk>A3a.A3.3</evt:Desk>
            </evt:Location>
            <Data Name="Designation" Value="alpha mu"/>
            <Data Name="Zone1" Value="Zone1"/>
            <Data Name="Zone2" Value="Zone2"/>
            <Data Name="Zone3" Value="Zone3"/>
            <Data Name="Zone4" Value="Zone4"/>
            <Data Name="Zone5" Value="Zone5"/>
         </Device>
         <User>
            <Id>user6</Id>
         </User>
         <Data Name="LocalTime" Value="1 Jan 2010 00:05:00 +0000"/>
         <Data Name="LocalTime" Value="1 Jan 2010 00:05:00 +00:00"/>
         <Data Name="LocalTime" Value="1 Jan 2010 00:05:00 Europe/London"/>
      </EventSource>
      <EventDetail>
         <TypeId>0001</TypeId>
         <Description>Some message 6</Description>
         <Authenticate>
            <Action>Logon</Action>
            <LogonType>Interactive</LogonType>
            <User>
               <Id>user6</Id>
            </User>
            <Data Name="FileNo" Value="3"/>
            <Data Name="LineNo" Value="6"/>
         </Authenticate>
      </EventDetail>
   </Event>
</Events>
