AQECBQB4LuclAQAAB3VzZXKx__0__2010-01-01T00:00:00.000Z,user1,322,null,null
AQECBQB4LuclAQAAB3VzZXIxsA==__0__2010-01-01T00:00:00.000Z,user10,4,null,null
AQECBQB4LuclAQAAB3VzZXKy__0__2010-01-01T00:00:00.000Z,user2,1,null,null
AQECBQB4LuclAQAAB3VzZXKz__0__2010-01-01T00:00:00.000Z,user3,3,null,null
AQECBQB4LuclAQAAB3VzZXK0__0__2010-01-01T00:00:00.000Z,user4,7,null,null
AQECBQB4LuclAQAAB3VzZXK1__0__2010-01-01T00:00:00.000Z,user5,3,null,null
AQECBQB4LuclAQAAB3VzZXK2__0__2010-01-01T00:00:00.000Z,user6,2,null,null
AQECBQB4LuclAQAAB3VzZXK3__0__2010-01-01T00:00:00.000Z,user7,2,null,null
AQECBQB4LuclAQAAB3VzZXK4__0__2010-01-01T00:00:00.000Z,user8,1,null,null
AQECBQB4LuclAQAAB3VzZXK5__0__2010-01-01T00:00:00.000Z,user9,3,null,null
AQECBWBiL+clAQAAB3VzZXKx__0__2010-01-01T00:01:00.000Z,user1,8,null,null
AQECBWBiL+clAQAAB3VzZXIxsA==__0__2010-01-01T00:01:00.000Z,user10,6,null,null
AQECBWBiL+clAQAAB3VzZXKy__0__2010-01-01T00:01:00.000Z,user2,336,null,null
AQECBWBiL+clAQAAB3VzZXKz__0__2010-01-01T00:01:00.000Z,user3,6,null,null
AQECBWBiL+clAQAAB3VzZXK0__0__2010-01-01T00:01:00.000Z,user4,7,null,null
AQECBWBiL+clAQAAB3VzZXK1__0__2010-01-01T00:01:00.000Z,user5,6,null,null
AQECBWBiL+clAQAAB3VzZXK2__0__2010-01-01T00:01:00.000Z,user6,3,null,null
AQECBWBiL+clAQAAB3VzZXK3__0__2010-01-01T00:01:00.000Z,user7,3,null,null
AQECBWBiL+clAQAAB3VzZXK4__0__2010-01-01T00:01:00.000Z,user8,10,null,null
AQECBWBiL+clAQAAB3VzZXK5__0__2010-01-01T00:01:00.000Z,user9,9,null,null
AQECBcBMMOclAQAAB3VzZXKx__0__2010-01-01T00:02:00.000Z,user1,6,null,null
AQECBcBMMOclAQAAB3VzZXIxsA==__0__2010-01-01T00:02:00.000Z,user10,6,null,null
AQECBcBMMOclAQAAB3VzZXKy__0__2010-01-01T00:02:00.000Z,user2,4,null,null
AQECBcBMMOclAQAAB3VzZXKz__0__2010-01-01T00:02:00.000Z,user3,327,null,null
AQECBcBMMOclAQAAB3VzZXK0__0__2010-01-01T00:02:00.000Z,user4,4,null,null
AQECBcBMMOclAQAAB3VzZXK1__0__2010-01-01T00:02:00.000Z,user5,6,null,null
AQECBcBMMOclAQAAB3VzZXK2__0__2010-01-01T00:02:00.000Z,user6,4,null,null
AQECBcBMMOclAQAAB3VzZXK3__0__2010-01-01T00:02:00.000Z,user7,4,null,null
AQECBcBMMOclAQAAB3VzZXK4__0__2010-01-01T00:02:00.000Z,user8,14,null,null
AQECBcBMMOclAQAAB3VzZXK5__0__2010-01-01T00:02:00.000Z,user9,6,null,null
AQECBSA3MeclAQAAB3VzZXKx__0__2010-01-01T00:03:00.000Z,user1,4,null,null
AQECBSA3MeclAQAAB3VzZXIxsA==__0__2010-01-01T00:03:00.000Z,user10,5,null,null
AQECBSA3MeclAQAAB3VzZXKy__0__2010-01-01T00:03:00.000Z,user2,7,null,null
AQECBSA3MeclAQAAB3VzZXKz__0__2010-01-01T00:03:00.000Z,user3,4,null,null
AQECBSA3MeclAQAAB3VzZXK0__0__2010-01-01T00:03:00.000Z,user4,338,null,null
AQECBSA3MeclAQAAB3VzZXK1__0__2010-01-01T00:03:00.000Z,user5,6,null,null
AQECBSA3MeclAQAAB3VzZXK2__0__2010-01-01T00:03:00.000Z,user6,1,null,null
AQECBSA3MeclAQAAB3VzZXK3__0__2010-01-01T00:03:00.000Z,user7,7,null,null
AQECBSA3MeclAQAAB3VzZXK4__0__2010-01-01T00:03:00.000Z,user8,5,null,null
AQECBSA3MeclAQAAB3VzZXK5__0__2010-01-01T00:03:00.000Z,user9,4,null,null
AQECBYAhMuclAQAAB3VzZXKx__0__2010-01-01T00:04:00.000Z,user1,7,null,null
AQECBYAhMuclAQAAB3VzZXIxsA==__0__2010-01-01T00:04:00.000Z,user10,5,null,null
AQECBYAhMuclAQAAB3VzZXKy__0__2010-01-01T00:04:00.000Z,user2,3,null,null
AQECBYAhMuclAQAAB3VzZXKz__0__2010-01-01T00:04:00.000Z,user3,2,null,null
AQECBYAhMuclAQAAB3VzZXK0__0__2010-01-01T00:04:00.000Z,user4,6,null,null
AQECBYAhMuclAQAAB3VzZXK1__0__2010-01-01T00:04:00.000Z,user5,323,null,null
AQECBYAhMuclAQAAB3VzZXK2__0__2010-01-01T00:04:00.000Z,user6,7,null,null
AQECBYAhMuclAQAAB3VzZXK3__0__2010-01-01T00:04:00.000Z,user7,6,null,null
AQECBYAhMuclAQAAB3VzZXK4__0__2010-01-01T00:04:00.000Z,user8,6,null,null
AQECBYAhMuclAQAAB3VzZXK5__0__2010-01-01T00:04:00.000Z,user9,4,null,null
AQECBeALM+clAQAAB3VzZXKx__0__2010-01-01T00:05:00.000Z,user1,6,null,null
AQECBeALM+clAQAAB3VzZXIxsA==__0__2010-01-01T00:05:00.000Z,user10,8,null,null
AQECBeALM+clAQAAB3VzZXKy__0__2010-01-01T00:05:00.000Z,user2,7,null,null
AQECBeALM+clAQAAB3VzZXKz__0__2010-01-01T00:05:00.000Z,user3,7,null,null
AQECBeALM+clAQAAB3VzZXK0__0__2010-01-01T00:05:00.000Z,user4,5,null,null
AQECBeALM+clAQAAB3VzZXK1__0__2010-01-01T00:05:00.000Z,user5,5,null,null
AQECBeALM+clAQAAB3VzZXK2__0__2010-01-01T00:05:00.000Z,user6,334,null,null
AQECBeALM+clAQAAB3VzZXK3__0__2010-01-01T00:05:00.000Z,user7,4,null,null
AQECBeALM+clAQAAB3VzZXK4__0__2010-01-01T00:05:00.000Z,user8,7,null,null
AQECBeALM+clAQAAB3VzZXK5__0__2010-01-01T00:05:00.000Z,user9,6,null,null
AQECBUD2M+clAQAAB3VzZXKx__0__2010-01-01T00:06:00.000Z,user1,12,null,null
AQECBUD2M+clAQAAB3VzZXIxsA==__0__2010-01-01T00:06:00.000Z,user10,6,null,null
AQECBUD2M+clAQAAB3VzZXKy__0__2010-01-01T00:06:00.000Z,user2,2,null,null
AQECBUD2M+clAQAAB3VzZXKz__0__2010-01-01T00:06:00.000Z,user3,4,null,null
AQECBUD2M+clAQAAB3VzZXK0__0__2010-01-01T00:06:00.000Z,user4,7,null,null
AQECBUD2M+clAQAAB3VzZXK1__0__2010-01-01T00:06:00.000Z,user5,7,null,null
AQECBUD2M+clAQAAB3VzZXK2__0__2010-01-01T00:06:00.000Z,user6,9,null,null
AQECBUD2M+clAQAAB3VzZXK3__0__2010-01-01T00:06:00.000Z,user7,330,null,null
AQECBUD2M+clAQAAB3VzZXK4__0__2010-01-01T00:06:00.000Z,user8,9,null,null
AQECBUD2M+clAQAAB3VzZXK5__0__2010-01-01T00:06:00.000Z,user9,7,null,null
AQECBaDgNOclAQAAB3VzZXKx__0__2010-01-01T00:07:00.000Z,user1,4,null,null
AQECBaDgNOclAQAAB3VzZXIxsA==__0__2010-01-01T00:07:00.000Z,user10,7,null,null
AQECBaDgNOclAQAAB3VzZXKy__0__2010-01-01T00:07:00.000Z,user2,6,null,null
AQECBaDgNOclAQAAB3VzZXKz__0__2010-01-01T00:07:00.000Z,user3,5,null,null
AQECBaDgNOclAQAAB3VzZXK0__0__2010-01-01T00:07:00.000Z,user4,5,null,null
AQECBaDgNOclAQAAB3VzZXK1__0__2010-01-01T00:07:00.000Z,user5,8,null,null
AQECBaDgNOclAQAAB3VzZXK2__0__2010-01-01T00:07:00.000Z,user6,4,null,null
AQECBaDgNOclAQAAB3VzZXK3__0__2010-01-01T00:07:00.000Z,user7,8,null,null
AQECBaDgNOclAQAAB3VzZXK4__0__2010-01-01T00:07:00.000Z,user8,335,null,null
AQECBaDgNOclAQAAB3VzZXK5__0__2010-01-01T00:07:00.000Z,user9,7,null,null
AQECBQDLNeclAQAAB3VzZXKx__0__2010-01-01T00:08:00.000Z,user1,6,null,null
AQECBQDLNeclAQAAB3VzZXIxsA==__0__2010-01-01T00:08:00.000Z,user10,4,null,null
AQECBQDLNeclAQAAB3VzZXKy__0__2010-01-01T00:08:00.000Z,user2,6,null,null
AQECBQDLNeclAQAAB3VzZXKz__0__2010-01-01T00:08:00.000Z,user3,14,null,null
AQECBQDLNeclAQAAB3VzZXK0__0__2010-01-01T00:08:00.000Z,user4,4,null,null
AQECBQDLNeclAQAAB3VzZXK1__0__2010-01-01T00:08:00.000Z,user5,3,null,null
AQECBQDLNeclAQAAB3VzZXK2__0__2010-01-01T00:08:00.000Z,user6,9,null,null
AQECBQDLNeclAQAAB3VzZXK3__0__2010-01-01T00:08:00.000Z,user7,8,null,null
AQECBQDLNeclAQAAB3VzZXK4__0__2010-01-01T00:08:00.000Z,user8,2,null,null
AQECBQDLNeclAQAAB3VzZXK5__0__2010-01-01T00:08:00.000Z,user9,326,null,null
AQECBWC1NuclAQAAB3VzZXKx__0__2010-01-01T00:09:00.000Z,user1,12,null,null
AQECBWC1NuclAQAAB3VzZXIxsA==__0__2010-01-01T00:09:00.000Z,user10,327,null,null
AQECBWC1NuclAQAAB3VzZXKy__0__2010-01-01T00:09:00.000Z,user2,4,null,null
AQECBWC1NuclAQAAB3VzZXKz__0__2010-01-01T00:09:00.000Z,user3,5,null,null
AQECBWC1NuclAQAAB3VzZXK0__0__2010-01-01T00:09:00.000Z,user4,9,null,null
AQECBWC1NuclAQAAB3VzZXK1__0__2010-01-01T00:09:00.000Z,user5,8,null,null
AQECBWC1NuclAQAAB3VzZXK2__0__2010-01-01T00:09:00.000Z,user6,4,null,null
AQECBWC1NuclAQAAB3VzZXK3__0__2010-01-01T00:09:00.000Z,user7,3,null,null
AQECBWC1NuclAQAAB3VzZXK4__0__2010-01-01T00:09:00.000Z,user8,7,null,null
AQECBWC1NuclAQAAB3VzZXK5__0__2010-01-01T00:09:00.000Z,user9,6,null,null