AAAAAQEBBXVzZXKx__0__user1,393,null,null
AAAAAQEBBXVzZXIxsA==__0__user10,381,null,null
AAAAAQEBBXVzZXKy__0__user2,377,null,null
AAAAAQEBBXVzZXKz__0__user3,379,null,null
AAAAAQEBBXVzZXK0__0__user4,395,null,null
AAAAAQEBBXVzZXK1__0__user5,377,null,null
AAAAAQEBBXVzZXK2__0__user6,380,null,null
AAAAAQEBBXVzZXK3__0__user7,380,null,null
AAAAAQEBBXVzZXK4__0__user8,402,null,null
AAAAAQEBBXVzZXK5__0__user9,383,null,null