null,[1.262304E12],0,1.262304E12,null,null,null
[1.262304E12],[1.262304E12, user1],1,1.262304E12,user1,null,null
[1.262304E12, user1],null,2,1.262304E12,user1,user1,322.0
[1.262304E12],[1.262304E12, user10],1,1.262304E12,user10,null,null
[1.262304E12, user10],null,2,1.262304E12,user10,user10,4.0
[1.262304E12],[1.262304E12, user2],1,1.262304E12,user2,null,null
[1.262304E12, user2],null,2,1.262304E12,user2,user2,1.0
[1.262304E12],[1.262304E12, user3],1,1.262304E12,user3,null,null
[1.262304E12, user3],null,2,1.262304E12,user3,user3,3.0
[1.262304E12],[1.262304E12, user4],1,1.262304E12,user4,null,null
[1.262304E12, user4],null,2,1.262304E12,user4,user4,7.0
[1.262304E12],[1.262304E12, user5],1,1.262304E12,user5,null,null
[1.262304E12, user5],null,2,1.262304E12,user5,user5,3.0
[1.262304E12],[1.262304E12, user6],1,1.262304E12,user6,null,null
[1.262304E12, user6],null,2,1.262304E12,user6,user6,2.0
[1.262304E12],[1.262304E12, user7],1,1.262304E12,user7,null,null
[1.262304E12, user7],null,2,1.262304E12,user7,user7,2.0
[1.262304E12],[1.262304E12, user8],1,1.262304E12,user8,null,null
[1.262304E12, user8],null,2,1.262304E12,user8,user8,1.0
[1.262304E12],[1.262304E12, user9],1,1.262304E12,user9,null,null
[1.262304E12, user9],null,2,1.262304E12,user9,user9,3.0
null,[1.26230406E12],0,1.26230406E12,null,null,null
[1.26230406E12],[1.26230406E12, user1],1,1.26230406E12,user1,null,null
[1.26230406E12, user1],null,2,1.26230406E12,user1,user1,8.0
[1.26230406E12],[1.26230406E12, user10],1,1.26230406E12,user10,null,null
[1.26230406E12, user10],null,2,1.26230406E12,user10,user10,6.0
[1.26230406E12],[1.26230406E12, user2],1,1.26230406E12,user2,null,null
[1.26230406E12, user2],null,2,1.26230406E12,user2,user2,336.0
[1.26230406E12],[1.26230406E12, user3],1,1.26230406E12,user3,null,null
[1.26230406E12, user3],null,2,1.26230406E12,user3,user3,6.0
[1.26230406E12],[1.26230406E12, user4],1,1.26230406E12,user4,null,null
[1.26230406E12, user4],null,2,1.26230406E12,user4,user4,7.0
[1.26230406E12],[1.26230406E12, user5],1,1.26230406E12,user5,null,null
[1.26230406E12, user5],null,2,1.26230406E12,user5,user5,6.0
[1.26230406E12],[1.26230406E12, user6],1,1.26230406E12,user6,null,null
[1.26230406E12, user6],null,2,1.26230406E12,user6,user6,3.0
[1.26230406E12],[1.26230406E12, user7],1,1.26230406E12,user7,null,null
[1.26230406E12, user7],null,2,1.26230406E12,user7,user7,3.0
[1.26230406E12],[1.26230406E12, user8],1,1.26230406E12,user8,null,null
[1.26230406E12, user8],null,2,1.26230406E12,user8,user8,10.0
[1.26230406E12],[1.26230406E12, user9],1,1.26230406E12,user9,null,null
[1.26230406E12, user9],null,2,1.26230406E12,user9,user9,9.0
null,[1.26230412E12],0,1.26230412E12,null,null,null
[1.26230412E12],[1.26230412E12, user1],1,1.26230412E12,user1,null,null
[1.26230412E12, user1],null,2,1.26230412E12,user1,user1,6.0
[1.26230412E12],[1.26230412E12, user10],1,1.26230412E12,user10,null,null
[1.26230412E12, user10],null,2,1.26230412E12,user10,user10,6.0
[1.26230412E12],[1.26230412E12, user2],1,1.26230412E12,user2,null,null
[1.26230412E12, user2],null,2,1.26230412E12,user2,user2,4.0
[1.26230412E12],[1.26230412E12, user3],1,1.26230412E12,user3,null,null
[1.26230412E12, user3],null,2,1.26230412E12,user3,user3,327.0
[1.26230412E12],[1.26230412E12, user4],1,1.26230412E12,user4,null,null
[1.26230412E12, user4],null,2,1.26230412E12,user4,user4,4.0
[1.26230412E12],[1.26230412E12, user5],1,1.26230412E12,user5,null,null
[1.26230412E12, user5],null,2,1.26230412E12,user5,user5,6.0
[1.26230412E12],[1.26230412E12, user6],1,1.26230412E12,user6,null,null
[1.26230412E12, user6],null,2,1.26230412E12,user6,user6,4.0
[1.26230412E12],[1.26230412E12, user7],1,1.26230412E12,user7,null,null
[1.26230412E12, user7],null,2,1.26230412E12,user7,user7,4.0
[1.26230412E12],[1.26230412E12, user8],1,1.26230412E12,user8,null,null
[1.26230412E12, user8],null,2,1.26230412E12,user8,user8,14.0
[1.26230412E12],[1.26230412E12, user9],1,1.26230412E12,user9,null,null
[1.26230412E12, user9],null,2,1.26230412E12,user9,user9,6.0
null,[1.26230418E12],0,1.26230418E12,null,null,null
[1.26230418E12],[1.26230418E12, user1],1,1.26230418E12,user1,null,null
[1.26230418E12, user1],null,2,1.26230418E12,user1,user1,4.0
[1.26230418E12],[1.26230418E12, user10],1,1.26230418E12,user10,null,null
[1.26230418E12, user10],null,2,1.26230418E12,user10,user10,5.0
[1.26230418E12],[1.26230418E12, user2],1,1.26230418E12,user2,null,null
[1.26230418E12, user2],null,2,1.26230418E12,user2,user2,7.0
[1.26230418E12],[1.26230418E12, user3],1,1.26230418E12,user3,null,null
[1.26230418E12, user3],null,2,1.26230418E12,user3,user3,4.0
[1.26230418E12],[1.26230418E12, user4],1,1.26230418E12,user4,null,null
[1.26230418E12, user4],null,2,1.26230418E12,user4,user4,338.0
[1.26230418E12],[1.26230418E12, user5],1,1.26230418E12,user5,null,null
[1.26230418E12, user5],null,2,1.26230418E12,user5,user5,6.0
[1.26230418E12],[1.26230418E12, user6],1,1.26230418E12,user6,null,null
[1.26230418E12, user6],null,2,1.26230418E12,user6,user6,1.0
[1.26230418E12],[1.26230418E12, user7],1,1.26230418E12,user7,null,null
[1.26230418E12, user7],null,2,1.26230418E12,user7,user7,7.0
[1.26230418E12],[1.26230418E12, user8],1,1.26230418E12,user8,null,null
[1.26230418E12, user8],null,2,1.26230418E12,user8,user8,5.0
[1.26230418E12],[1.26230418E12, user9],1,1.26230418E12,user9,null,null
[1.26230418E12, user9],null,2,1.26230418E12,user9,user9,4.0
null,[1.26230424E12],0,1.26230424E12,null,null,null
[1.26230424E12],[1.26230424E12, user1],1,1.26230424E12,user1,null,null
[1.26230424E12, user1],null,2,1.26230424E12,user1,user1,7.0
[1.26230424E12],[1.26230424E12, user10],1,1.26230424E12,user10,null,null
[1.26230424E12, user10],null,2,1.26230424E12,user10,user10,5.0
[1.26230424E12],[1.26230424E12, user2],1,1.26230424E12,user2,null,null
[1.26230424E12, user2],null,2,1.26230424E12,user2,user2,3.0
[1.26230424E12],[1.26230424E12, user3],1,1.26230424E12,user3,null,null
[1.26230424E12, user3],null,2,1.26230424E12,user3,user3,2.0
[1.26230424E12],[1.26230424E12, user4],1,1.26230424E12,user4,null,null
[1.26230424E12, user4],null,2,1.26230424E12,user4,user4,6.0
[1.26230424E12],[1.26230424E12, user5],1,1.26230424E12,user5,null,null
[1.26230424E12, user5],null,2,1.26230424E12,user5,user5,323.0
[1.26230424E12],[1.26230424E12, user6],1,1.26230424E12,user6,null,null
[1.26230424E12, user6],null,2,1.26230424E12,user6,user6,7.0
[1.26230424E12],[1.26230424E12, user7],1,1.26230424E12,user7,null,null
[1.26230424E12, user7],null,2,1.26230424E12,user7,user7,6.0
[1.26230424E12],[1.26230424E12, user8],1,1.26230424E12,user8,null,null
[1.26230424E12, user8],null,2,1.26230424E12,user8,user8,6.0
[1.26230424E12],[1.26230424E12, user9],1,1.26230424E12,user9,null,null
[1.26230424E12, user9],null,2,1.26230424E12,user9,user9,4.0
null,[1.2623043E12],0,1.2623043E12,null,null,null
[1.2623043E12],[1.2623043E12, user1],1,1.2623043E12,user1,null,null
[1.2623043E12, user1],null,2,1.2623043E12,user1,user1,6.0
[1.2623043E12],[1.2623043E12, user10],1,1.2623043E12,user10,null,null
[1.2623043E12, user10],null,2,1.2623043E12,user10,user10,8.0
[1.2623043E12],[1.2623043E12, user2],1,1.2623043E12,user2,null,null
[1.2623043E12, user2],null,2,1.2623043E12,user2,user2,7.0
[1.2623043E12],[1.2623043E12, user3],1,1.2623043E12,user3,null,null
[1.2623043E12, user3],null,2,1.2623043E12,user3,user3,7.0
[1.2623043E12],[1.2623043E12, user4],1,1.2623043E12,user4,null,null
[1.2623043E12, user4],null,2,1.2623043E12,user4,user4,5.0
[1.2623043E12],[1.2623043E12, user5],1,1.2623043E12,user5,null,null
[1.2623043E12, user5],null,2,1.2623043E12,user5,user5,5.0
[1.2623043E12],[1.2623043E12, user6],1,1.2623043E12,user6,null,null
[1.2623043E12, user6],null,2,1.2623043E12,user6,user6,334.0
[1.2623043E12],[1.2623043E12, user7],1,1.2623043E12,user7,null,null
[1.2623043E12, user7],null,2,1.2623043E12,user7,user7,4.0
[1.2623043E12],[1.2623043E12, user8],1,1.2623043E12,user8,null,null
[1.2623043E12, user8],null,2,1.2623043E12,user8,user8,7.0
[1.2623043E12],[1.2623043E12, user9],1,1.2623043E12,user9,null,null
[1.2623043E12, user9],null,2,1.2623043E12,user9,user9,6.0
null,[1.26230436E12],0,1.26230436E12,null,null,null
[1.26230436E12],[1.26230436E12, user1],1,1.26230436E12,user1,null,null
[1.26230436E12, user1],null,2,1.26230436E12,user1,user1,12.0
[1.26230436E12],[1.26230436E12, user10],1,1.26230436E12,user10,null,null
[1.26230436E12, user10],null,2,1.26230436E12,user10,user10,6.0
[1.26230436E12],[1.26230436E12, user2],1,1.26230436E12,user2,null,null
[1.26230436E12, user2],null,2,1.26230436E12,user2,user2,2.0
[1.26230436E12],[1.26230436E12, user3],1,1.26230436E12,user3,null,null
[1.26230436E12, user3],null,2,1.26230436E12,user3,user3,4.0
[1.26230436E12],[1.26230436E12, user4],1,1.26230436E12,user4,null,null
[1.26230436E12, user4],null,2,1.26230436E12,user4,user4,7.0
[1.26230436E12],[1.26230436E12, user5],1,1.26230436E12,user5,null,null
[1.26230436E12, user5],null,2,1.26230436E12,user5,user5,7.0
[1.26230436E12],[1.26230436E12, user6],1,1.26230436E12,user6,null,null
[1.26230436E12, user6],null,2,1.26230436E12,user6,user6,9.0
[1.26230436E12],[1.26230436E12, user7],1,1.26230436E12,user7,null,null
[1.26230436E12, user7],null,2,1.26230436E12,user7,user7,330.0
[1.26230436E12],[1.26230436E12, user8],1,1.26230436E12,user8,null,null
[1.26230436E12, user8],null,2,1.26230436E12,user8,user8,9.0
[1.26230436E12],[1.26230436E12, user9],1,1.26230436E12,user9,null,null
[1.26230436E12, user9],null,2,1.26230436E12,user9,user9,7.0
null,[1.26230442E12],0,1.26230442E12,null,null,null
[1.26230442E12],[1.26230442E12, user1],1,1.26230442E12,user1,null,null
[1.26230442E12, user1],null,2,1.26230442E12,user1,user1,4.0
[1.26230442E12],[1.26230442E12, user10],1,1.26230442E12,user10,null,null
[1.26230442E12, user10],null,2,1.26230442E12,user10,user10,7.0
[1.26230442E12],[1.26230442E12, user2],1,1.26230442E12,user2,null,null
[1.26230442E12, user2],null,2,1.26230442E12,user2,user2,6.0
[1.26230442E12],[1.26230442E12, user3],1,1.26230442E12,user3,null,null
[1.26230442E12, user3],null,2,1.26230442E12,user3,user3,5.0
[1.26230442E12],[1.26230442E12, user4],1,1.26230442E12,user4,null,null
[1.26230442E12, user4],null,2,1.26230442E12,user4,user4,5.0
[1.26230442E12],[1.26230442E12, user5],1,1.26230442E12,user5,null,null
[1.26230442E12, user5],null,2,1.26230442E12,user5,user5,8.0
[1.26230442E12],[1.26230442E12, user6],1,1.26230442E12,user6,null,null
[1.26230442E12, user6],null,2,1.26230442E12,user6,user6,4.0
[1.26230442E12],[1.26230442E12, user7],1,1.26230442E12,user7,null,null
[1.26230442E12, user7],null,2,1.26230442E12,user7,user7,8.0
[1.26230442E12],[1.26230442E12, user8],1,1.26230442E12,user8,null,null
[1.26230442E12, user8],null,2,1.26230442E12,user8,user8,335.0
[1.26230442E12],[1.26230442E12, user9],1,1.26230442E12,user9,null,null
[1.26230442E12, user9],null,2,1.26230442E12,user9,user9,7.0
null,[1.26230448E12],0,1.26230448E12,null,null,null
[1.26230448E12],[1.26230448E12, user1],1,1.26230448E12,user1,null,null
[1.26230448E12, user1],null,2,1.26230448E12,user1,user1,6.0
[1.26230448E12],[1.26230448E12, user10],1,1.26230448E12,user10,null,null
[1.26230448E12, user10],null,2,1.26230448E12,user10,user10,4.0
[1.26230448E12],[1.26230448E12, user2],1,1.26230448E12,user2,null,null
[1.26230448E12, user2],null,2,1.26230448E12,user2,user2,6.0
[1.26230448E12],[1.26230448E12, user3],1,1.26230448E12,user3,null,null
[1.26230448E12, user3],null,2,1.26230448E12,user3,user3,14.0
[1.26230448E12],[1.26230448E12, user4],1,1.26230448E12,user4,null,null
[1.26230448E12, user4],null,2,1.26230448E12,user4,user4,4.0
[1.26230448E12],[1.26230448E12, user5],1,1.26230448E12,user5,null,null
[1.26230448E12, user5],null,2,1.26230448E12,user5,user5,3.0
[1.26230448E12],[1.26230448E12, user6],1,1.26230448E12,user6,null,null
[1.26230448E12, user6],null,2,1.26230448E12,user6,user6,9.0
[1.26230448E12],[1.26230448E12, user7],1,1.26230448E12,user7,null,null
[1.26230448E12, user7],null,2,1.26230448E12,user7,user7,8.0
[1.26230448E12],[1.26230448E12, user8],1,1.26230448E12,user8,null,null
[1.26230448E12, user8],null,2,1.26230448E12,user8,user8,2.0
[1.26230448E12],[1.26230448E12, user9],1,1.26230448E12,user9,null,null
[1.26230448E12, user9],null,2,1.26230448E12,user9,user9,326.0
null,[1.26230454E12],0,1.26230454E12,null,null,null
[1.26230454E12],[1.26230454E12, user1],1,1.26230454E12,user1,null,null
[1.26230454E12, user1],null,2,1.26230454E12,user1,user1,12.0
[1.26230454E12],[1.26230454E12, user10],1,1.26230454E12,user10,null,null
[1.26230454E12, user10],null,2,1.26230454E12,user10,user10,327.0
[1.26230454E12],[1.26230454E12, user2],1,1.26230454E12,user2,null,null
[1.26230454E12, user2],null,2,1.26230454E12,user2,user2,4.0
[1.26230454E12],[1.26230454E12, user3],1,1.26230454E12,user3,null,null
[1.26230454E12, user3],null,2,1.26230454E12,user3,user3,5.0
[1.26230454E12],[1.26230454E12, user4],1,1.26230454E12,user4,null,null
[1.26230454E12, user4],null,2,1.26230454E12,user4,user4,9.0
[1.26230454E12],[1.26230454E12, user5],1,1.26230454E12,user5,null,null
[1.26230454E12, user5],null,2,1.26230454E12,user5,user5,8.0
[1.26230454E12],[1.26230454E12, user6],1,1.26230454E12,user6,null,null
[1.26230454E12, user6],null,2,1.26230454E12,user6,user6,4.0
[1.26230454E12],[1.26230454E12, user7],1,1.26230454E12,user7,null,null
[1.26230454E12, user7],null,2,1.26230454E12,user7,user7,3.0
[1.26230454E12],[1.26230454E12, user8],1,1.26230454E12,user8,null,null
[1.26230454E12, user8],null,2,1.26230454E12,user8,user8,7.0
[1.26230454E12],[1.26230454E12, user9],1,1.26230454E12,user9,null,null
[1.26230454E12, user9],null,2,1.26230454E12,user9,user9,6.0
null,[1.2623046E12],0,1.2623046E12,null,null,null
[1.2623046E12],[1.2623046E12, user1],1,1.2623046E12,user1,null,null
[1.2623046E12, user1],null,2,1.2623046E12,user1,user1,6.0
[1.2623046E12],[1.2623046E12, user10],1,1.2623046E12,user10,null,null
[1.2623046E12, user10],null,2,1.2623046E12,user10,user10,3.0
[1.2623046E12],[1.2623046E12, user2],1,1.2623046E12,user2,null,null
[1.2623046E12, user2],null,2,1.2623046E12,user2,user2,1.0
[1.2623046E12],[1.2623046E12, user3],1,1.2623046E12,user3,null,null
[1.2623046E12, user3],null,2,1.2623046E12,user3,user3,2.0
[1.2623046E12],[1.2623046E12, user4],1,1.2623046E12,user4,null,null
[1.2623046E12, user4],null,2,1.2623046E12,user4,user4,3.0
[1.2623046E12],[1.2623046E12, user5],1,1.2623046E12,user5,null,null
[1.2623046E12, user5],null,2,1.2623046E12,user5,user5,2.0
[1.2623046E12],[1.2623046E12, user6],1,1.2623046E12,user6,null,null
[1.2623046E12, user6],null,2,1.2623046E12,user6,user6,3.0
[1.2623046E12],[1.2623046E12, user7],1,1.2623046E12,user7,null,null
[1.2623046E12, user7],null,2,1.2623046E12,user7,user7,5.0
[1.2623046E12],[1.2623046E12, user8],1,1.2623046E12,user8,null,null
[1.2623046E12, user8],null,2,1.2623046E12,user8,user8,6.0
[1.2623046E12],[1.2623046E12, user9],1,1.2623046E12,user9,null,null
[1.2623046E12, user9],null,2,1.2623046E12,user9,user9,5.0