user1__0__user1,393,null,null
user10__0__user10,381,null,null
user2__0__user2,377,null,null
user3__0__user3,379,null,null
user4__0__user4,395,null,null
user5__0__user5,377,null,null
user6__0__user6,380,null,null
user7__0__user7,380,null,null
user8__0__user8,402,null,null
user9__0__user9,383,null,null