<?xml version="1.0" encoding="UTF-8"?><Events xmlns:stroom="stroom" xmlns:xsi="http://www.w3.org/2001/XMLSchema-instance" xmlns="event-logging:3" xsi:schemaLocation="event-logging:3 file://event-logging-v3.0.0.xsd" Version="3.0.0"><Event Id="2:1"><EventTime><TimeCreated>2009-01-01T12:00:01.000Z</TimeCreated></EventTime><EventSource><System>Example</System><Environment>Example</Environment><Generator>Very Simple Provider</Generator><Device><IPAddress>192.168.0.4</IPAddress><Location><Country>UK</Country><Site>MyMachine</Site><Building>Main</Building><Floor>1</Floor><Room>1aaa</Room></Location></Device><User><Id>userone</Id></User></EventSource><EventDetail><View><Object><Type>Document</Type><Title>UNKNOWN</Title><Path>D:\TranslationKit\example\VerySimple\OpenFileEvents.txt</Path></Object></View></EventDetail></Event></Events>
