
    01/01/2009:12:00:01
    OPEN
    userone
    D:\TranslationKit\example\VerySimple\OpenFileEvents.txt
  
