<?xml version="1.0" encoding="UTF-8"?>
<Events xpath-default-namespace="records:2"
	xmlns:stroom="stroom" xmlns:xsi="http://www.w3.org/2001/XMLSchema-instance"
	xmlns="event-logging:3"
	xsi:schemaLocation="event-logging:3 file://event-logging-v3.0.0.xsd"
	Version="3.0.0">
	<Event Id="8:1">
		<EventTime>
			<TimeCreated>2007-08-18T09:49:51.000Z</TimeCreated>
		</EventTime>
		<EventSource>
            <System>Example</System>
            <Environment>Example</Environment>
			<Generator>NetworkMonitoring</Generator>
			<Device>
				<HostName>e1sm01</HostName>
				<IPAddress>1.1.1.1</IPAddress>
				<MACAddress>00-00-00-00-00-00</MACAddress>
				<Location>
					<Country>UK</Country>
					<Site>Site001</Site>
					<Building>Main</Building>
					<Floor>2</Floor>
					<Room>A</Room>
					<Desk>A2a.A2.2</Desk>
				</Location>
			</Device>
			<User>
				<Id>user1</Id>
			</User>
		</EventSource>
		<EventDetail>
			<Authenticate>
				<Action>Logon</Action>
				<LogonType>Interactive</LogonType>
				<Outcome>
					<Success>false</Success>
					<Description>Logon failure. Incorrect user name or password.
					</Description>
				</Outcome>
			</Authenticate>
		</EventDetail>
	</Event>
	<Event Id="8:2">
		<EventTime>
			<TimeCreated>2007-08-18T13:18:56.000Z</TimeCreated>
		</EventTime>
		<EventSource>
            <System>Example</System>
            <Environment>Example</Environment>
			<Generator>NetworkMonitoring</Generator>
			<Device>
				<HostName>e1sm01</HostName>
				<IPAddress>1.1.1.1</IPAddress>
				<MACAddress>00-00-00-00-00-00</MACAddress>
				<Location>
					<Country>UK</Country>
					<Site>Site001</Site>
					<Building>Main</Building>
					<Floor>2</Floor>
					<Room>A</Room>
					<Desk>A2a.A2.2</Desk>
				</Location>
			</Device>
			<User>
				<Id>user2</Id>
			</User>
		</EventSource>
		<EventDetail>
			<Process>
				<Action>Execute</Action>
				<Type>Application</Type>
				<Command>service=cwhp authorize-deviceGroup=NetworkMonitoring Servers
					cmd*sniffer</Command>
				<Rule>TACACS</Rule>
				<Outcome>
					<Permitted>false</Permitted>
					<Description>Unknown</Description>
				</Outcome>
			</Process>
		</EventDetail>
	</Event>
	<Event Id="8:3">
		<EventTime>
			<TimeCreated>2007-08-18T13:19:23.000Z</TimeCreated>
		</EventTime>
		<EventSource>
            <System>Example</System>
            <Environment>Example</Environment>    
			<Generator>NetworkMonitoring</Generator>
			<Device>
				<HostName>e2sm01</HostName>
				<IPAddress>1.1.1.1</IPAddress>
				<MACAddress>00-00-00-00-00-00</MACAddress>
				<Location>
					<Country>UK</Country>
					<Site>Site001</Site>
					<Building>Main</Building>
					<Floor>2</Floor>
					<Room>A</Room>
					<Desk>A2a.A2.2</Desk>
				</Location>
			</Device>
			<User>
				<Id>user3</Id>
			</User>
		</EventSource>
		<EventDetail>
			<Process>
				<Action>Execute</Action>
				<Type>Application</Type>
				<Command>service=cwhp authorize-deviceGroup=NetworkMonitoring Servers
					cmd*sniffer</Command>
				<Rule>TACACS</Rule>
				<Outcome>
					<Permitted>false</Permitted>
					<Description>Unknown</Description>
				</Outcome>
			</Process>
		</EventDetail>
	</Event>
	<Event Id="8:4">
		<EventTime>
			<TimeCreated>2007-08-18T13:20:23.000Z</TimeCreated>
		</EventTime>
		<EventSource>
            <System>Example</System>
            <Environment>Example</Environment>
			<Generator>NetworkMonitoring</Generator>
			<Device>
				<HostName>e3sm01</HostName>
				<IPAddress>1.1.1.1</IPAddress>
				<MACAddress>00-00-00-00-00-00</MACAddress>
				<Location>
					<Country>UK</Country>
					<Site>Site001</Site>
					<Building>Main</Building>
					<Floor>2</Floor>
					<Room>A</Room>
					<Desk>A2a.A2.2</Desk>
				</Location>
			</Device>
			<User>
				<Id>user4</Id>
			</User>
		</EventSource>
		<EventDetail>
			<Process>
				<Action>Execute</Action>
				<Type>Application</Type>
				<Command>service=cwhp authorize-deviceGroup=NetworkMonitoring Servers
					cmd*sniffer</Command>
				<Rule>TACACS</Rule>
				<Outcome>
					<Permitted>false</Permitted>
					<Description>Unknown</Description>
				</Outcome>
			</Process>
		</EventDetail>
	</Event>
</Events>
